Component: ARM Compiler 5.06 update 6 (build 750) Tool: armlink [4d35ed]

==============================================================================

Section Cross References

    startup_stm32f429xx.o(RESET) refers to startup_stm32f429xx.o(STACK) for __initial_sp
    startup_stm32f429xx.o(RESET) refers to startup_stm32f429xx.o(.text) for Reset_Handler
    startup_stm32f429xx.o(RESET) refers to stm32f4xx_it.o(i.NMI_Handler) for NMI_Handler
    startup_stm32f429xx.o(RESET) refers to stm32f4xx_it.o(i.HardFault_Handler) for HardFault_Handler
    startup_stm32f429xx.o(RESET) refers to stm32f4xx_it.o(i.MemManage_Handler) for MemManage_Handler
    startup_stm32f429xx.o(RESET) refers to stm32f4xx_it.o(i.BusFault_Handler) for BusFault_Handler
    startup_stm32f429xx.o(RESET) refers to stm32f4xx_it.o(i.UsageFault_Handler) for UsageFault_Handler
    startup_stm32f429xx.o(RESET) refers to stm32f4xx_it.o(i.SVC_Handler) for SVC_Handler
    startup_stm32f429xx.o(RESET) refers to stm32f4xx_it.o(i.DebugMon_Handler) for DebugMon_Handler
    startup_stm32f429xx.o(RESET) refers to stm32f4xx_it.o(i.PendSV_Handler) for PendSV_Handler
    startup_stm32f429xx.o(RESET) refers to stm32f4xx_it.o(i.USART1_IRQHandler) for USART1_IRQHandler
    startup_stm32f429xx.o(RESET) refers to stm32f4xx_it.o(i.TIM6_DAC_IRQHandler) for TIM6_DAC_IRQHandler
    startup_stm32f429xx.o(RESET) refers to stm32f4xx_it.o(i.LTDC_IRQHandler) for LTDC_IRQHandler
    startup_stm32f429xx.o(RESET) refers to stm32f4xx_it.o(i.DMA2D_IRQHandler) for DMA2D_IRQHandler
    startup_stm32f429xx.o(.text) refers to system_stm32f4xx.o(i.SystemInit) for SystemInit
    startup_stm32f429xx.o(.text) refers to entry.o(.ARM.Collect$$$$00000000) for __main
    main.o(i.Draw0AtPosition) refers to stm32f429i_discovery_lcd.o(i.BSP_LCD_DrawPixel) for BSP_LCD_DrawPixel
    main.o(i.Draw0AtPosition) refers to main.o(.constdata) for .constdata
    main.o(i.DrawBoard) refers to stm32f429i_discovery_lcd.o(i.BSP_LCD_DrawPixel) for BSP_LCD_DrawPixel
    main.o(i.DrawBoard) refers to main.o(.constdata) for .constdata
    main.o(i.DrawCircleInCell) refers to main.o(i.Draw0AtPosition) for Draw0AtPosition
    main.o(i.DrawXAtPosition) refers to stm32f429i_discovery_lcd.o(i.BSP_LCD_DrawPixel) for BSP_LCD_DrawPixel
    main.o(i.DrawXAtPosition) refers to main.o(.constdata) for .constdata
    main.o(i.DrawXInsideCell) refers to main.o(i.DrawXAtPosition) for DrawXAtPosition
    main.o(i.HAL_TIM_PeriodElapsedCallback) refers to stm32f4xx_hal.o(i.HAL_IncTick) for HAL_IncTick
    main.o(i.MX_FMC_Init) refers to memseta.o(.text) for __aeabi_memclr4
    main.o(i.MX_FMC_Init) refers to stm32f4xx_hal_sdram.o(i.HAL_SDRAM_Init) for HAL_SDRAM_Init
    main.o(i.MX_FMC_Init) refers to main.o(.bss) for .bss
    main.o(i.MX_GPIO_Init) refers to memseta.o(.text) for __aeabi_memclr4
    main.o(i.MX_GPIO_Init) refers to stm32f4xx_hal_gpio.o(i.HAL_GPIO_WritePin) for HAL_GPIO_WritePin
    main.o(i.MX_GPIO_Init) refers to stm32f4xx_hal_gpio.o(i.HAL_GPIO_Init) for HAL_GPIO_Init
    main.o(i.MX_I2C3_Init) refers to stm32f4xx_hal_i2c.o(i.HAL_I2C_Init) for HAL_I2C_Init
    main.o(i.MX_I2C3_Init) refers to stm32f4xx_hal_i2c_ex.o(i.HAL_I2CEx_ConfigAnalogFilter) for HAL_I2CEx_ConfigAnalogFilter
    main.o(i.MX_I2C3_Init) refers to stm32f4xx_hal_i2c_ex.o(i.HAL_I2CEx_ConfigDigitalFilter) for HAL_I2CEx_ConfigDigitalFilter
    main.o(i.MX_I2C3_Init) refers to main.o(.bss) for .bss
    main.o(i.MX_LTDC_Init) refers to memseta.o(.text) for __aeabi_memclr4
    main.o(i.MX_LTDC_Init) refers to stm32f4xx_hal_ltdc.o(i.HAL_LTDC_Init) for HAL_LTDC_Init
    main.o(i.MX_LTDC_Init) refers to stm32f4xx_hal_ltdc.o(i.HAL_LTDC_ConfigLayer) for HAL_LTDC_ConfigLayer
    main.o(i.MX_LTDC_Init) refers to main.o(.bss) for .bss
    main.o(i.MX_SPI5_Init) refers to stm32f4xx_hal_spi.o(i.HAL_SPI_Init) for HAL_SPI_Init
    main.o(i.MX_SPI5_Init) refers to main.o(.bss) for .bss
    main.o(i.MX_TIM1_Init) refers to stm32f4xx_hal_tim.o(i.HAL_TIM_Base_Init) for HAL_TIM_Base_Init
    main.o(i.MX_TIM1_Init) refers to stm32f4xx_hal_tim.o(i.HAL_TIM_ConfigClockSource) for HAL_TIM_ConfigClockSource
    main.o(i.MX_TIM1_Init) refers to stm32f4xx_hal_tim_ex.o(i.HAL_TIMEx_MasterConfigSynchronization) for HAL_TIMEx_MasterConfigSynchronization
    main.o(i.MX_TIM1_Init) refers to main.o(.bss) for .bss
    main.o(i.MX_USART1_UART_Init) refers to stm32f4xx_hal_uart.o(i.HAL_UART_Init) for HAL_UART_Init
    main.o(i.MX_USART1_UART_Init) refers to stm32f4xx_hal_cortex.o(i.HAL_NVIC_SetPriority) for HAL_NVIC_SetPriority
    main.o(i.MX_USART1_UART_Init) refers to stm32f4xx_hal_cortex.o(i.HAL_NVIC_EnableIRQ) for HAL_NVIC_EnableIRQ
    main.o(i.MX_USART1_UART_Init) refers to main.o(.bss) for .bss
    main.o(i.Meniu_Credits) refers to stm32f429i_discovery_lcd.o(i.BSP_LCD_Clear) for BSP_LCD_Clear
    main.o(i.Meniu_Credits) refers to stm32f429i_discovery_lcd.o(i.BSP_LCD_DisplayStringAt) for BSP_LCD_DisplayStringAt
[...]
    i.I2C_WaitOnBTFFlagUntilTimeout          0x08003a0c   Section        0  stm32f4xx_hal_i2c.o(i.I2C_WaitOnBTFFlagUntilTimeout)
    I2C_WaitOnBTFFlagUntilTimeout            0x08003a0d   Thumb Code    76  stm32f4xx_hal_i2c.o(i.I2C_WaitOnBTFFlagUntilTimeout)
    i.I2C_WaitOnFlagUntilTimeout             0x08003a58   Section        0  stm32f4xx_hal_i2c.o(i.I2C_WaitOnFlagUntilTimeout)
    I2C_WaitOnFlagUntilTimeout               0x08003a59   Thumb Code   104  stm32f4xx_hal_i2c.o(i.I2C_WaitOnFlagUntilTimeout)
    i.I2C_WaitOnMasterAddressFlagUntilTimeout 0x08003ac0   Section        0  stm32f4xx_hal_i2c.o(i.I2C_WaitOnMasterAddressFlagUntilTimeout)
    I2C_WaitOnMasterAddressFlagUntilTimeout  0x08003ac1   Thumb Code   150  stm32f4xx_hal_i2c.o(i.I2C_WaitOnMasterAddressFlagUntilTimeout)
    i.I2C_WaitOnRXNEFlagUntilTimeout         0x08003b56   Section        0  stm32f4xx_hal_i2c.o(i.I2C_WaitOnRXNEFlagUntilTimeout)
    I2C_WaitOnRXNEFlagUntilTimeout           0x08003b57   Thumb Code   102  stm32f4xx_hal_i2c.o(i.I2C_WaitOnRXNEFlagUntilTimeout)
    i.I2C_WaitOnTXEFlagUntilTimeout          0x08003bbc   Section        0  stm32f4xx_hal_i2c.o(i.I2C_WaitOnTXEFlagUntilTimeout)
    I2C_WaitOnTXEFlagUntilTimeout            0x08003bbd   Thumb Code    76  stm32f4xx_hal_i2c.o(i.I2C_WaitOnTXEFlagUntilTimeout)
    i.I2Cx_Error                             0x08003c08   Section        0  stm32f429i_discovery.o(i.I2Cx_Error)
    I2Cx_Error                               0x08003c09   Thumb Code    16  stm32f429i_discovery.o(i.I2Cx_Error)
    i.I2Cx_Init                              0x08003c1c   Section        0  stm32f429i_discovery.o(i.I2Cx_Init)
    I2Cx_Init                                0x08003c1d   Thumb Code    58  stm32f429i_discovery.o(i.I2Cx_Init)
    i.I2Cx_MspInit                           0x08003c64   Section        0  stm32f429i_discovery.o(i.I2Cx_MspInit)
    I2Cx_MspInit                             0x08003c65   Thumb Code   166  stm32f429i_discovery.o(i.I2Cx_MspInit)
    i.IOE_Delay                              0x08003d1c   Section        0  stm32f429i_discovery.o(i.IOE_Delay)
    i.IOE_ITConfig                           0x08003d20   Section        0  stm32f429i_discovery.o(i.IOE_ITConfig)
    i.IOE_Init                               0x08003d70   Section        0  stm32f429i_discovery.o(i.IOE_Init)
    i.IOE_Read                               0x08003d74   Section        0  stm32f429i_discovery.o(i.IOE_Read)
    i.IOE_ReadMultiple                       0x08003da8   Section        0  stm32f429i_discovery.o(i.IOE_ReadMultiple)
    i.IOE_Write                              0x08003dd8   Section        0  stm32f429i_discovery.o(i.IOE_Write)
    i.LCD_Delay                              0x08003e08   Section        0  stm32f429i_discovery.o(i.LCD_Delay)
    i.LCD_IO_Init                            0x08003e0c   Section        0  stm32f429i_discovery.o(i.LCD_IO_Init)
    i.LCD_IO_ReadData                        0x08003eb4   Section        0  stm32f429i_discovery.o(i.LCD_IO_ReadData)
    i.LCD_IO_WriteData                       0x08003f20   Section        0  stm32f429i_discovery.o(i.LCD_IO_WriteData)
    i.LCD_IO_WriteReg                        0x08003f58   Section        0  stm32f429i_discovery.o(i.LCD_IO_WriteReg)
    i.LTDC_IRQHandler                        0x08003f90   Section        0  stm32f4xx_it.o(i.LTDC_IRQHandler)
    i.LTDC_SetConfig                         0x08003f9c   Section        0  stm32f4xx_hal_ltdc.o(i.LTDC_SetConfig)
    LTDC_SetConfig                           0x08003f9d   Thumb Code   354  stm32f4xx_hal_ltdc.o(i.LTDC_SetConfig)
    i.MX_FMC_Init                            0x08004100   Section        0  main.o(i.MX_FMC_Init)
    MX_FMC_Init                              0x08004101   Thumb Code    88  main.o(i.MX_FMC_Init)
    i.MX_GPIO_Init                           0x08004160   Section        0  main.o(i.MX_GPIO_Init)
    MX_GPIO_Init                             0x08004161   Thumb Code   398  main.o(i.MX_GPIO_Init)
    i.MX_I2C3_Init                           0x0800430c   Section        0  main.o(i.MX_I2C3_Init)
    MX_I2C3_Init                             0x0800430d   Thumb Code    56  main.o(i.MX_I2C3_Init)
    i.MX_LTDC_Init                           0x08004350   Section        0  main.o(i.MX_LTDC_Init)
    MX_LTDC_Init                             0x08004351   Thumb Code   150  main.o(i.MX_LTDC_Init)
    i.MX_SPI5_Init                           0x080043f0   Section        0  main.o(i.MX_SPI5_Init)
    MX_SPI5_Init                             0x080043f1   Thumb Code    46  main.o(i.MX_SPI5_Init)
    i.MX_TIM1_Init                           0x08004428   Section        0  main.o(i.MX_TIM1_Init)
    MX_TIM1_Init                             0x08004429   Thumb Code    70  main.o(i.MX_TIM1_Init)
    i.MX_USART1_UART_Init                    0x08004478   Section        0  main.o(i.MX_USART1_UART_Init)
    MX_USART1_UART_Init                      0x08004479   Thumb Code    66  main.o(i.MX_USART1_UART_Init)
    i.MemManage_Handler                      0x080044c4   Section        0  stm32f4xx_it.o(i.MemManage_Handler)
    i.Meniu_Credits                          0x080044c8   Section        0  main.o(i.Meniu_Credits)
    i.Meniu_Show                             0x08004598   Section        0  main.o(i.Meniu_Show)
    i.NMI_Handler                            0x08004668   Section        0  stm32f4xx_it.o(i.NMI_Handler)
    i.PendSV_Handler                         0x0800466a   Section        0  stm32f4xx_it.o(i.PendSV_Handler)
    i.SPI_EndRxTransaction                   0x0800466c   Section        0  stm32f4xx_hal_spi.o(i.SPI_EndRxTransaction)
    SPI_EndRxTransaction                     0x0800466d   Thumb Code    92  stm32f4xx_hal_spi.o(i.SPI_EndRxTransaction)
    i.SPI_EndRxTxTransaction                 0x080046c8   Section        0  stm32f4xx_hal_spi.o(i.SPI_EndRxTxTransaction)
    SPI_EndRxTxTransaction                   0x080046c9   Thumb Code    80  stm32f4xx_hal_spi.o(i.SPI_EndRxTxTransaction)
    i.SPI_WaitFlagStateUntilTimeout          0x08004720   Section        0  stm32f4xx_hal_spi.o(i.SPI_WaitFlagStateUntilTimeout)
    SPI_WaitFlagStateUntilTimeout            0x08004721   Thumb Code   148  stm32f4xx_hal_spi.o(i.SPI_WaitFlagStateUntilTimeout)
    i.SPIx_Error                             0x080047b4   Section        0  stm32f429i_discovery.o(i.SPIx_Error)
    SPIx_Error                               0x080047b5   Thumb Code    16  stm32f429i_discovery.o(i.SPIx_Error)
    i.SPIx_Init                              0x080047c8   Section        0  stm32f429i_discovery.o(i.SPIx_Init)
    SPIx_Init                                0x080047c9   Thumb Code   138  stm32f429i_discovery.o(i.SPIx_Init)
    i.SPIx_Write                             0x08004864   Section        0  stm32f429i_discovery.o(i.SPIx_Write)
    SPIx_Write                               0x08004865   Thumb Code    26  stm32f429i_discovery.o(i.SPIx_Write)
    i.SVC_Handler                            0x08004888   Section        0  stm32f4xx_it.o(i.SVC_Handler)
    i.SystemClock_Config                     0x0800488c   Section        0  main.o(i.SystemClock_Config)
    i.SystemInit                             0x0800492c   Section        0  system_stm32f4xx.o(i.SystemInit)
    i.TIM6_DAC_IRQHandler                    0x08004948   Section        0  stm32f4xx_it.o(i.TIM6_DAC_IRQHandler)
    i.TIM_Base_SetConfig                     0x08004954   Section        0  stm32f4xx_hal_tim.o(i.TIM_Base_SetConfig)
    i.TIM_ETR_SetConfig                      0x08004a1c   Section        0  stm32f4xx_hal_tim.o(i.TIM_ETR_SetConfig)
    i.TIM_ITRx_SetConfig                     0x08004a30   Section        0  stm32f4xx_hal_tim.o(i.TIM_ITRx_SetConfig)
    TIM_ITRx_SetConfig                       0x08004a31   Thumb Code    16  stm32f4xx_hal_tim.o(i.TIM_ITRx_SetConfig)
    i.TIM_TI1_ConfigInputStage               0x08004a40   Section        0  stm32f4xx_hal_tim.o(i.TIM_TI1_ConfigInputStage)
    TIM_TI1_ConfigInputStage                 0x08004a41   Thumb Code    34  stm32f4xx_hal_tim.o(i.TIM_TI1_ConfigInputStage)
    i.TIM_TI2_ConfigInputStage               0x08004a62   Section        0  stm32f4xx_hal_tim.o(i.TIM_TI2_ConfigInputStage)
    TIM_TI2_ConfigInputStage                 0x08004a63   Thumb Code    36  stm32f4xx_hal_tim.o(i.TIM_TI2_ConfigInputStage)
    i.TryGetCellTouched                      0x08004a88   Section        0  main.o(i.TryGetCellTouched)
    i.UART_SetConfig                         0x08004ae0   Section        0  stm32f4xx_hal_uart.o(i.UART_SetConfig)
    UART_SetConfig                           0x08004ae1   Thumb Code   286  stm32f4xx_hal_uart.o(i.UART_SetConfig)
    i.UART_WaitOnFlagUntilTimeout            0x08004c08   Section        0  stm32f4xx_hal_uart.o(i.UART_WaitOnFlagUntilTimeout)
    UART_WaitOnFlagUntilTimeout              0x08004c09   Thumb Code   100  stm32f4xx_hal_uart.o(i.UART_WaitOnFlagUntilTimeout)
    i.USART1_IRQHandler                      0x08004c6c   Section        0  stm32f4xx_it.o(i.USART1_IRQHandler)
    i.UsageFault_Handler                     0x08004c94   Section        0  stm32f4xx_it.o(i.UsageFault_Handler)
    i.__0printf$3                            0x08004c98   Section        0  printf3.o(i.__0printf$3)
    i.__0sprintf$3                           0x08004cb8   Section        0  printf3.o(i.__0sprintf$3)
    i.__NVIC_SetPriority                     0x08004ce0   Section        0  stm32f4xx_hal_cortex.o(i.__NVIC_SetPriority)
    __NVIC_SetPriority                       0x08004ce1   Thumb Code    32  stm32f4xx_hal_cortex.o(i.__NVIC_SetPriority)
    i.__scatterload_copy                     0x08004d00   Section       14  handlers.o(i.__scatterload_copy)
    i.__scatterload_null                     0x08004d0e   Section        2  handlers.o(i.__scatterload_null)
    i.__scatterload_zeroinit                 0x08004d10   Section       14  handlers.o(i.__scatterload_zeroinit)
    i._printf_core                           0x08004d20   Section        0  printf3.o(i._printf_core)
    _printf_core                             0x08004d21   Thumb Code   436  printf3.o(i._printf_core)
    i._sputc                                 0x08004ed8   Section        0  printf3.o(i._sputc)
    _sputc                                   0x08004ed9   Thumb Code    10  printf3.o(i._sputc)
    i.fputc                                  0x08004ee4   Section        0  main.o(i.fputc)
    i.ili9341_DisplayOff                     0x08004efc   Section        0  ili9341.o(i.ili9341_DisplayOff)
    i.ili9341_DisplayOn                      0x08004f02   Section        0  ili9341.o(i.ili9341_DisplayOn)
    i.ili9341_GetLcdPixelHeight              0x08004f08   Section        0  ili9341.o(i.ili9341_GetLcdPixelHeight)
    i.ili9341_GetLcdPixelWidth               0x08004f0e   Section        0  ili9341.o(i.ili9341_GetLcdPixelWidth)
    i.ili9341_Init                           0x08004f12   Section        0  ili9341.o(i.ili9341_Init)
    i.ili9341_ReadID                         0x080051a4   Section        0  ili9341.o(i.ili9341_ReadID)
    i.isInsideRect                           0x080051b6   Section        0  main.o(i.isInsideRect)
    i.main                                   0x080051d8   Section        0  main.o(i.main)
    i.showGameScreen                         0x080052f0   Section        0  main.o(i.showGameScreen)
    i.stmpe811_ClearGlobalIT                 0x08005474   Section        0  stmpe811.o(i.stmpe811_ClearGlobalIT)
    i.stmpe811_DisableGlobalIT               0x0800547e   Section        0  stmpe811.o(i.stmpe811_DisableGlobalIT)
    i.stmpe811_DisableITSource               0x0800549a   Section        0  stmpe811.o(i.stmpe811_DisableITSource)
    i.stmpe811_EnableGlobalIT                0x080054b8   Section        0  stmpe811.o(i.stmpe811_EnableGlobalIT)
    i.stmpe811_EnableITSource                0x080054d4   Section        0  stmpe811.o(i.stmpe811_EnableITSource)
    i.stmpe811_GetInstance                   0x080054f4   Section        0  stmpe811.o(i.stmpe811_GetInstance)
    stmpe811_GetInstance                     0x080054f5   Thumb Code    24  stmpe811.o(i.stmpe811_GetInstance)
    i.stmpe811_IO_EnableAF                   0x08005510   Section        0  stmpe811.o(i.stmpe811_IO_EnableAF)
    i.stmpe811_Init                          0x08005530   Section        0  stmpe811.o(i.stmpe811_Init)
    i.stmpe811_ReadID                        0x08005560   Section        0  stmpe811.o(i.stmpe811_ReadID)
    i.stmpe811_Reset                         0x08005580   Section        0  stmpe811.o(i.stmpe811_Reset)
    i.stmpe811_TS_ClearIT                    0x080055a8   Section        0  stmpe811.o(i.stmpe811_TS_ClearIT)
    i.stmpe811_TS_DetectTouch                0x080055ae   Section        0  stmpe811.o(i.stmpe811_TS_DetectTouch)
    i.stmpe811_TS_DisableIT                  0x080055e4   Section        0  stmpe811.o(i.stmpe811_TS_DisableIT)
    i.stmpe811_TS_EnableIT                   0x080055f8   Section        0  stmpe811.o(i.stmpe811_TS_EnableIT)
    i.stmpe811_TS_GetXY                      0x08005612   Section        0  stmpe811.o(i.stmpe811_TS_GetXY)
    i.stmpe811_TS_ITStatus                   0x08005650   Section        0  stmpe811.o(i.stmpe811_TS_ITStatus)
    i.stmpe811_TS_Start                      0x08005660   Section        0  stmpe811.o(i.stmpe811_TS_Start)
    i.tryGetWinner                           0x08005704   Section        0  main.o(i.tryGetWinner)
    .constdata                               0x08005788   Section    162928  main.o(.constdata)
    .constdata                               0x0802d3f8   Section        8  stm32f4xx_hal_dma.o(.constdata)
    flagBitshiftOffset                       0x0802d3f8   Data           8  stm32f4xx_hal_dma.o(.constdata)
    .constdata                               0x0802d400   Section       16  system_stm32f4xx.o(.constdata)
    .constdata                               0x0802d410   Section        8  system_stm32f4xx.o(.constdata)
    .constdata                               0x0802d418   Section     6840  stm32f429i_discovery_lcd.o(.constdata)
    .constdata                               0x0802eed0   Section     3040  stm32f429i_discovery_lcd.o(.constdata)
    .data                                    0x20000000   Section        8  stm32f4xx_hal_msp.o(.data)
    FMC_Initialized                          0x20000000   Data           4  stm32f4xx_hal_msp.o(.data)
    FMC_DeInitialized                        0x20000004   Data           4  stm32f4xx_hal_msp.o(.data)
    .data                                    0x20000008   Section       12  stm32f4xx_hal.o(.data)
    .data                                    0x20000014   Section        4  system_stm32f4xx.o(.data)
    .data                                    0x20000018   Section       16  stm32f429i_discovery_lcd.o(.data)
    ActiveLayer                              0x20000018   Data           4  stm32f429i_discovery_lcd.o(.data)
    .data                                    0x20000028   Section        8  stm32f429i_discovery_lcd.o(.data)
    .data                                    0x20000030   Section        1  stm32f429i_discovery_sdram.o(.data)
    sdramstatus                              0x20000030   Data           1  stm32f429i_discovery_sdram.o(.data)
    .data                                    0x20000034   Section       24  stm32f429i_discovery.o(.data)
    Is_LCD_IO_Initialized                    0x20000034   Data           1  stm32f429i_discovery.o(.data)
    .data                                    0x2000004c   Section       16  stm32f429i_discovery_ts.o(.data)
    TsXBoundary                              0x2000004c   Data           2  stm32f429i_discovery_ts.o(.data)
    TsYBoundary                              0x2000004e   Data           2  stm32f429i_discovery_ts.o(.data)
    _x                                       0x20000050   Data           4  stm32f429i_discovery_ts.o(.data)
    _y                                       0x20000054   Data           4  stm32f429i_discovery_ts.o(.data)
    TsDrv                                    0x20000058   Data           4  stm32f429i_discovery_ts.o(.data)
    .data                                    0x2000005c   Section        8  stm32f429i_discovery_ts.o(.data)
    .data                                    0x20000064   Section       56  ili9341.o(.data)
    .data                                    0x2000009c   Section       40  stmpe811.o(.data)
    .data                                    0x200000c4   Section        2  stmpe811.o(.data)
    .data                                    0x200000c8   Section        4  stdout.o(.data)
    .bss                                     0x200000cc   Section      584  main.o(.bss)
    .bss                                     0x20000314   Section       64  stm32f4xx_hal_timebase_tim.o(.bss)
    .bss                                     0x20000354   Section      304  stm32f429i_discovery_lcd.o(.bss)
    Dma2dHandler                             0x200003fc   Data          64  stm32f429i_discovery_lcd.o(.bss)
    PeriphClkInitStruct                      0x2000043c   Data          48  stm32f429i_discovery_lcd.o(.bss)
    DrawProp                                 0x2000046c   Data          24  stm32f429i_discovery_lcd.o(.bss)
    .bss                                     0x20000484   Section      288  stm32f429i_discovery_sdram.o(.bss)
    dmaHandle                                0x20000484   Data          96  stm32f429i_discovery_sdram.o(.bss)
    dma_handle                               0x200004e4   Data          96  stm32f429i_discovery_sdram.o(.bss)
    SdramHandle                              0x20000544   Data          52  stm32f429i_discovery_sdram.o(.bss)
    Timing                                   0x20000578   Data          28  stm32f429i_discovery_sdram.o(.bss)
    Command                                  0x20000594   Data          16  stm32f429i_discovery_sdram.o(.bss)
    .bss                                     0x200005a4   Section      172  stm32f429i_discovery.o(.bss)
    SpiHandle                                0x200005f8   Data          88  stm32f429i_discovery.o(.bss)
    STACK                                    0x20000650   Section     1024  startup_stm32f429xx.o(STACK)

    Global Symbols

    Symbol Name                              Value     Ov Type        Size  Object(Section)

    BuildAttributes$$THM_ISAv4$E$P$D$K$B$S$7EM$VFPi3$EXTD16$VFPS$VFMA$PE$A:L22UL41UL21$X:L11$S22US41US21$IEEE1$IW$USESV6$~STKCKD$USESV7$~SHL$OSPACE$ROPI$EBA8$MICROLIB$REQ8$PRES8$EABIv2 0x00000000   Number         0  anon$$obj.o ABSOLUTE
    __ARM_use_no_argv                        0x00000000   Number         0  main.o ABSOLUTE
    _printf_a                                0x00000000   Number         0  stubs.o ABSOLUTE
    _printf_c                                0x00000000   Number         0  stubs.o ABSOLUTE
    _printf_charcount                        0x00000000   Number         0  stubs.o ABSOLUTE
    _printf_d                                0x00000000   Number         0  stubs.o ABSOLUTE
    _printf_e                                0x00000000   Number         0  stubs.o ABSOLUTE
    _printf_f                                0x00000000   Number         0  stubs.o ABSOLUTE
    _printf_flags                            0x00000000   Number         0  stubs.o ABSOLUTE
    _printf_fp_dec                           0x00000000   Number         0  stubs.o ABSOLUTE
    _printf_fp_hex                           0x00000000   Number         0  stubs.o ABSOLUTE
    _printf_g                                0x00000000   Number         0  stubs.o ABSOLUTE
    _printf_i                                0x00000000   Number         0  stubs.o ABSOLUTE
    _printf_int_dec                          0x00000000   Number         0  stubs.o ABSOLUTE
    _printf_l                                0x00000000   Number         0  stubs.o ABSOLUTE
    _printf_lc                               0x00000000   Number         0  stubs.o ABSOLUTE
    _printf_ll                               0x00000000   Number         0  stubs.o ABSOLUTE
    _printf_lld                              0x00000000   Number         0  stubs.o ABSOLUTE
    _printf_lli                              0x00000000   Number         0  stubs.o ABSOLUTE
    _printf_llo                              0x00000000   Number         0  stubs.o ABSOLUTE
    _printf_llu                              0x00000000   Number         0  stubs.o ABSOLUTE
    _printf_llx                              0x00000000   Number         0  stubs.o ABSOLUTE
    _printf_longlong_dec                     0x00000000   Number         0  stubs.o ABSOLUTE
    _printf_longlong_hex                     0x00000000   Number         0  stubs.o ABSOLUTE
    _printf_longlong_oct                     0x00000000   Number         0  stubs.o ABSOLUTE
    _printf_ls                               0x00000000   Number         0  stubs.o ABSOLUTE
    _printf_mbtowc                           0x00000000   Number         0  stubs.o ABSOLUTE
    _printf_n                                0x00000000   Number         0  stubs.o ABSOLUTE
    _printf_o                                0x00000000   Number         0  stubs.o ABSOLUTE
    _printf_p                                0x00000000   Number         0  stubs.o ABSOLUTE
    _printf_percent                          0x00000000   Number         0  stubs.o ABSOLUTE
    _printf_pre_padding                      0x00000000   Number         0  stubs.o ABSOLUTE
    _printf_return_value                     0x00000000   Number         0  stubs.o ABSOLUTE
    _printf_s                                0x00000000   Number         0  stubs.o ABSOLUTE
    _printf_sizespec                         0x00000000   Number         0  stubs.o ABSOLUTE
    _printf_str                              0x00000000   Number         0  stubs.o ABSOLUTE
    _printf_truncate_signed                  0x00000000   Number         0  stubs.o ABSOLUTE
    _printf_truncate_unsigned                0x00000000   Number         0  stubs.o ABSOLUTE
    _printf_u                                0x00000000   Number         0  stubs.o ABSOLUTE
    _printf_wc                               0x00000000   Number         0  stubs.o ABSOLUTE
    _printf_wctomb                           0x00000000   Number         0  stubs.o ABSOLUTE
    _printf_widthprec                        0x00000000   Number         0  stubs.o ABSOLUTE
    _printf_x                                0x00000000   Number         0  stubs.o ABSOLUTE
    __cpp_initialize__aeabi_                  - Undefined Weak Reference
    __cxa_finalize                            - Undefined Weak Reference
    __decompress                              - Undefined Weak Reference
    _clock_init                               - Undefined Weak Reference
    _microlib_exit                            - Undefined Weak Reference
    __Vectors_Size                           0x000001ac   Number         0  startup_stm32f429xx.o ABSOLUTE
    __Vectors                                0x08000000   Data           4  startup_stm32f429xx.o(RESET)
    __Vectors_End                            0x080001ac   Data           0  startup_stm32f429xx.o(RESET)
    __main                                   0x080001ad   Thumb Code     0  entry.o(.ARM.Collect$$$$00000000)
    _main_stk                                0x080001ad   Thumb Code     0  entry2.o(.ARM.Collect$$$$00000001)
    _main_scatterload                        0x080001b1   Thumb Code     0  entry5.o(.ARM.Collect$$$$00000004)
    __main_after_scatterload                 0x080001b5   Thumb Code     0  entry5.o(.ARM.Collect$$$$00000004)
    _main_clock                              0x080001b5   Thumb Code     0  entry7b.o(.ARM.Collect$$$$00000008)
    _main_cpp_init                           0x080001b5   Thumb Code     0  entry8b.o(.ARM.Collect$$$$0000000A)
    _main_init                               0x080001b5   Thumb Code     0  entry9a.o(.ARM.Collect$$$$0000000B)
    __rt_final_cpp                           0x080001bd   Thumb Code     0  entry10a.o(.ARM.Collect$$$$0000000D)
    __rt_final_exit                          0x080001bd   Thumb Code     0  entry11a.o(.ARM.Collect$$$$0000000F)
    Reset_Handler                            0x080001c1   Thumb Code     8  startup_stm32f429xx.o(.text)
    SysTick_Handler                          0x080001d9   Thumb Code     2  startup_stm32f429xx.o(.text)
    ADC_IRQHandler                           0x080001db   Thumb Code     0  startup_stm32f429xx.o(.text)
    CAN1_RX0_IRQHandler                      0x080001db   Thumb Code     0  startup_stm32f429xx.o(.text)
    CAN1_RX1_IRQHandler                      0x080001db   Thumb Code     0  startup_stm32f429xx.o(.text)
    CAN1_SCE_IRQHandler                      0x080001db   Thumb Code     0  startup_stm32f429xx.o(.text)
    CAN1_TX_IRQHandler                       0x080001db   Thumb Code     0  startup_stm32f429xx.o(.text)
    CAN2_RX0_IRQHandler                      0x080001db   Thumb Code     0  startup_stm32f429xx.o(.text)
    CAN2_RX1_IRQHandler                      0x080001db   Thumb Code     0  startup_stm32f429xx.o(.text)
    CAN2_SCE_IRQHandler                      0x080001db   Thumb Code     0  startup_stm32f429xx.o(.text)
    CAN2_TX_IRQHandler                       0x080001db   Thumb Code     0  startup_stm32f429xx.o(.text)
    DCMI_IRQHandler                          0x080001db   Thumb Code     0  startup_stm32f429xx.o(.text)
    DMA1_Stream0_IRQHandler                  0x080001db   Thumb Code     0  startup_stm32f429xx.o(.text)
    DMA1_Stream1_IRQHandler                  0x080001db   Thumb Code     0  startup_stm32f429xx.o(.text)
    DMA1_Stream2_IRQHandler                  0x080001db   Thumb Code     0  startup_stm32f429xx.o(.text)
    DMA1_Stream3_IRQHandler                  0x080001db   Thumb Code     0  startup_stm32f429xx.o(.text)
    DMA1_Stream4_IRQHandler                  0x080001db   Thumb Code     0  startup_stm32f429xx.o(.text)
    DMA1_Stream5_IRQHandler                  0x080001db   Thumb Code     0  startup_stm32f429xx.o(.text)
    DMA1_Stream6_IRQHandler                  0x080001db   Thumb Code     0  startup_stm32f429xx.o(.text)
    DMA1_Stream7_IRQHandler                  0x080001db   Thumb Code     0  startup_stm32f429xx.o(.text)
    DMA2_Stream0_IRQHandler                  0x080001db   Thumb Code     0  startup_stm32f429xx.o(.text)
    DMA2_Stream1_IRQHandler                  0x080001db   Thumb Code     0  startup_stm32f429xx.o(.text)
    DMA2_Stream2_IRQHandler                  0x080001db   Thumb Code     0  startup_stm32f429xx.o(.text)
    DMA2_Stream3_IRQHandler                  0x080001db   Thumb Code     0  startup_stm32f429xx.o(.text)
    DMA2_Stream4_IRQHandler                  0x080001db   Thumb Code     0  startup_stm32f429xx.o(.text)
    DMA2_Stream5_IRQHandler                  0x080001db   Thumb Code     0  startup_stm32f429xx.o(.text)
    DMA2_Stream6_IRQHandler                  0x080001db   Thumb Code     0  startup_stm32f429xx.o(.text)
    DMA2_Stream7_IRQHandler                  0x080001db   Thumb Code     0  startup_stm32f429xx.o(.text)
    ETH_IRQHandler                           0x080001db   Thumb Code     0  startup_stm32f429xx.o(.text)
    ETH_WKUP_IRQHandler                      0x080001db   Thumb Code     0  startup_stm32f429xx.o(.text)
    EXTI0_IRQHandler                         0x080001db   Thumb Code     0  startup_stm32f429xx.o(.text)
    EXTI15_10_IRQHandler                     0x080001db   Thumb Code     0  startup_stm32f429xx.o(.text)
    EXTI1_IRQHandler                         0x080001db   Thumb Code     0  startup_stm32f429xx.o(.text)
    EXTI2_IRQHandler                         0x080001db   Thumb Code     0  startup_stm32f429xx.o(.text)
    EXTI3_IRQHandler                         0x080001db   Thumb Code     0  startup_stm32f429xx.o(.text)
    EXTI4_IRQHandler                         0x080001db   Thumb Code     0  startup_stm32f429xx.o(.text)
    EXTI9_5_IRQHandler                       0x080001db   Thumb Code     0  startup_stm32f429xx.o(.text)
    FLASH_IRQHandler                         0x080001db   Thumb Code     0  startup_stm32f429xx.o(.text)
    FMC_IRQHandler                           0x080001db   Thumb Code     0  startup_stm32f429xx.o(.text)
    FPU_IRQHandler                           0x080001db   Thumb Code     0  startup_stm32f429xx.o(.text)
    HASH_RNG_IRQHandler                      0x080001db   Thumb Code     0  startup_stm32f429xx.o(.text)
    I2C1_ER_IRQHandler                       0x080001db   Thumb Code     0  startup_stm32f429xx.o(.text)
    I2C1_EV_IRQHandler                       0x080001db   Thumb Code     0  startup_stm32f429xx.o(.text)
    I2C2_ER_IRQHandler                       0x080001db   Thumb Code     0  startup_stm32f429xx.o(.text)
    I2C2_EV_IRQHandler                       0x080001db   Thumb Code     0  startup_stm32f429xx.o(.text)
    I2C3_ER_IRQHandler                       0x080001db   Thumb Code     0  startup_stm32f429xx.o(.text)
    I2C3_EV_IRQHandler                       0x080001db   Thumb Code     0  startup_stm32f429xx.o(.text)
    LTDC_ER_IRQHandler                       0x080001db   Thumb Code     0  startup_stm32f429xx.o(.text)
    OTG_FS_IRQHandler                        0x080001db   Thumb Code     0  startup_stm32f429xx.o(.text)
    OTG_FS_WKUP_IRQHandler                   0x080001db   Thumb Code     0  startup_stm32f429xx.o(.text)
    OTG_HS_EP1_IN_IRQHandler                 0x080001db   Thumb Code     0  startup_stm32f429xx.o(.text)
    OTG_HS_EP1_OUT_IRQHandler                0x080001db   Thumb Code     0  startup_stm32f429xx.o(.text)
    OTG_HS_IRQHandler                        0x080001db   Thumb Code     0  startup_stm32f429xx.o(.text)
    OTG_HS_WKUP_IRQHandler                   0x080001db   Thumb Code     0  startup_stm32f429xx.o(.text)
    PVD_IRQHandler                           0x080001db   Thumb Code     0  startup_stm32f429xx.o(.text)
    RCC_IRQHandler                           0x080001db   Thumb Code     0  startup_stm32f429xx.o(.text)
    RTC_Alarm_IRQHandler                     0x080001db   Thumb Code     0  startup_stm32f429xx.o(.text)
    RTC_WKUP_IRQHandler                      0x080001db   Thumb Code     0  startup_stm32f429xx.o(.text)
    SAI1_IRQHandler                          0x080001db   Thumb Code     0  startup_stm32f429xx.o(.text)
    SDIO_IRQHandler                          0x080001db   Thumb Code     0  startup_stm32f429xx.o(.text)
    SPI1_IRQHandler                          0x080001db   Thumb Code     0  startup_stm32f429xx.o(.text)
    SPI2_IRQHandler                          0x080001db   Thumb Code     0  startup_stm32f429xx.o(.text)
    SPI3_IRQHandler                          0x080001db   Thumb Code     0  startup_stm32f429xx.o(.text)
    SPI4_IRQHandler                          0x080001db   Thumb Code     0  startup_stm32f429xx.o(.text)
    SPI5_IRQHandler                          0x080001db   Thumb Code     0  startup_stm32f429xx.o(.text)
    SPI6_IRQHandler                          0x080001db   Thumb Code     0  startup_stm32f429xx.o(.text)
    TAMP_STAMP_IRQHandler                    0x080001db   Thumb Code     0  startup_stm32f429xx.o(.text)
    TIM1_BRK_TIM9_IRQHandler                 0x080001db   Thumb Code     0  startup_stm32f429xx.o(.text)
    TIM1_CC_IRQHandler                       0x080001db   Thumb Code     0  startup_stm32f429xx.o(.text)
    TIM1_TRG_COM_TIM11_IRQHandler            0x080001db   Thumb Code     0  startup_stm32f429xx.o(.text)
    TIM1_UP_TIM10_IRQHandler                 0x080001db   Thumb Code     0  startup_stm32f429xx.o(.text)
    TIM2_IRQHandler                          0x080001db   Thumb Code     0  startup_stm32f429xx.o(.text)
    TIM3_IRQHandler                          0x080001db   Thumb Code     0  startup_stm32f429xx.o(.text)
    TIM4_IRQHandler                          0x080001db   Thumb Code     0  startup_stm32f429xx.o(.text)
    TIM5_IRQHandler                          0x080001db   Thumb Code     0  startup_stm32f429xx.o(.text)
    TIM7_IRQHandler                          0x080001db   Thumb Code     0  startup_stm32f429xx.o(.text)
    TIM8_BRK_TIM12_IRQHandler                0x080001db   Thumb Code     0  startup_stm32f429xx.o(.text)
    TIM8_CC_IRQHandler                       0x080001db   Thumb Code     0  startup_stm32f429xx.o(.text)
    TIM8_TRG_COM_TIM14_IRQHandler            0x080001db   Thumb Code     0  startup_stm32f429xx.o(.text)
    TIM8_UP_TIM13_IRQHandler                 0x080001db   Thumb Code     0  startup_stm32f429xx.o(.text)
    UART4_IRQHandler                         0x080001db   Thumb Code     0  startup_stm32f429xx.o(.text)
    UART5_IRQHandler                         0x080001db   Thumb Code     0  startup_stm32f429xx.o(.text)
    UART7_IRQHandler                         0x080001db   Thumb Code     0  startup_stm32f429xx.o(.text)
    UART8_IRQHandler                         0x080001db   Thumb Code     0  startup_stm32f429xx.o(.text)
    USART2_IRQHandler                        0x080001db   Thumb Code     0  startup_stm32f429xx.o(.text)
    USART3_IRQHandler                        0x080001db   Thumb Code     0  startup_stm32f429xx.o(.text)
    USART6_IRQHandler                        0x080001db   Thumb Code     0  startup_stm32f429xx.o(.text)
    WWDG_IRQHandler                          0x080001db   Thumb Code     0  startup_stm32f429xx.o(.text)
    __aeabi_uldivmod                         0x080001e5   Thumb Code    98  uldiv.o(.text)
    __aeabi_memcpy                           0x08000247   Thumb Code    36  memcpya.o(.text)
    __aeabi_memcpy4                          0x08000247   Thumb Code     0  memcpya.o(.text)
    __aeabi_memcpy8                          0x08000247   Thumb Code     0  memcpya.o(.text)
    __aeabi_memset                           0x0800026b   Thumb Code    14  memseta.o(.text)
    __aeabi_memset4                          0x0800026b   Thumb Code     0  memseta.o(.text)
    __aeabi_memset8                          0x0800026b   Thumb Code     0  memseta.o(.text)
    __aeabi_memclr                           0x08000279   Thumb Code     4  memseta.o(.text)
    __aeabi_memclr4                          0x08000279   Thumb Code     0  memseta.o(.text)
    __aeabi_memclr8                          0x08000279   Thumb Code     0  memseta.o(.text)
    _memset$wrapper                          0x0800027d   Thumb Code    18  memseta.o(.text)
    __aeabi_uidiv                            0x0800028f   Thumb Code     0  uidiv.o(.text)
    __aeabi_uidivmod                         0x0800028f   Thumb Code    44  uidiv.o(.text)
    __aeabi_llsl                             0x080002bb   Thumb Code    30  llshl.o(.text)
    _ll_shift_l                              0x080002bb   Thumb Code     0  llshl.o(.text)
    __aeabi_llsr                             0x080002d9   Thumb Code    32  llushr.o(.text)
    _ll_ushift_r                             0x080002d9   Thumb Code     0  llushr.o(.text)
    __scatterload                            0x080002f9   Thumb Code    28  init.o(.text)
    __scatterload_rt2                        0x080002f9   Thumb Code     0  init.o(.text)
    BSP_LCD_Clear                            0x0800031d   Thumb Code    50  stm32f429i_discovery_lcd.o(i.BSP_LCD_Clear)
    BSP_LCD_DisplayChar                      0x08000359   Thumb Code    44  stm32f429i_discovery_lcd.o(i.BSP_LCD_DisplayChar)
    BSP_LCD_DisplayOn                        0x0800038d   Thumb Code    14  stm32f429i_discovery_lcd.o(i.BSP_LCD_DisplayOn)
    BSP_LCD_DisplayStringAt                  0x080003a1   Thumb Code   188  stm32f429i_discovery_lcd.o(i.BSP_LCD_DisplayStringAt)
    BSP_LCD_DrawHLine                        0x08000465   Thumb Code    68  stm32f429i_discovery_lcd.o(i.BSP_LCD_DrawHLine)
    BSP_LCD_DrawPixel                        0x080004b1   Thumb Code    42  stm32f429i_discovery_lcd.o(i.BSP_LCD_DrawPixel)
    BSP_LCD_DrawRect                         0x080004e5   Thumb Code    54  stm32f429i_discovery_lcd.o(i.BSP_LCD_DrawRect)
    BSP_LCD_DrawVLine                        0x0800051d   Thumb Code    76  stm32f429i_discovery_lcd.o(i.BSP_LCD_DrawVLine)
    BSP_LCD_GetFont                          0x08000575   Thumb Code    18  stm32f429i_discovery_lcd.o(i.BSP_LCD_GetFont)
    BSP_LCD_GetXSize                         0x08000591   Thumb Code     8  stm32f429i_discovery_lcd.o(i.BSP_LCD_GetXSize)
    BSP_LCD_GetYSize                         0x0800059d   Thumb Code     8  stm32f429i_discovery_lcd.o(i.BSP_LCD_GetYSize)
    BSP_LCD_Init                             0x080005a9   Thumb Code   130  stm32f429i_discovery_lcd.o(i.BSP_LCD_Init)
    BSP_LCD_LayerDefaultInit                 0x0800063d   Thumb Code   116  stm32f429i_discovery_lcd.o(i.BSP_LCD_LayerDefaultInit)
    BSP_LCD_MspInit                          0x080006bd   Thumb Code   270  stm32f429i_discovery_lcd.o(i.BSP_LCD_MspInit)
    BSP_LCD_SelectLayer                      0x080007e9   Thumb Code     6  stm32f429i_discovery_lcd.o(i.BSP_LCD_SelectLayer)
    BSP_LCD_SetFont                          0x080007f5   Thumb Code    18  stm32f429i_discovery_lcd.o(i.BSP_LCD_SetFont)
    BSP_LCD_SetTextColor                     0x08000811   Thumb Code    16  stm32f429i_discovery_lcd.o(i.BSP_LCD_SetTextColor)
    BSP_SDRAM_Init                           0x08000829   Thumb Code   106  stm32f429i_discovery_sdram.o(i.BSP_SDRAM_Init)
    BSP_SDRAM_Initialization_sequence        0x080008a1   Thumb Code   132  stm32f429i_discovery_sdram.o(i.BSP_SDRAM_Initialization_sequence)
    BSP_SDRAM_MspInit                        0x08000929   Thumb Code   320  stm32f429i_discovery_sdram.o(i.BSP_SDRAM_MspInit)
    BSP_TS_GetState                          0x08000a8d   Thumb Code   170  stm32f429i_discovery_ts.o(i.BSP_TS_GetState)
    BSP_TS_Init                              0x08000b3d   Thumb Code    48  stm32f429i_discovery_ts.o(i.BSP_TS_Init)
    BusFault_Handler                         0x08000b75   Thumb Code     2  stm32f4xx_it.o(i.BusFault_Handler)
    CellIsEmpty                              0x08000b77   Thumb Code    24  main.o(i.CellIsEmpty)
    DMA2D_IRQHandler                         0x08000b91   Thumb Code     6  stm32f4xx_it.o(i.DMA2D_IRQHandler)
    DebugMon_Handler                         0x08000cb1   Thumb Code     2  stm32f4xx_it.o(i.DebugMon_Handler)
    Draw0AtPosition                          0x08000cb5   Thumb Code    60  main.o(i.Draw0AtPosition)
    DrawBoard                                0x08000cf5   Thumb Code    58  main.o(i.DrawBoard)
    DrawCircleInCell                         0x08000de9   Thumb Code    48  main.o(i.DrawCircleInCell)
    DrawXAtPosition                          0x08000e19   Thumb Code    60  main.o(i.DrawXAtPosition)
    DrawXInsideCell                          0x08000e59   Thumb Code    62  main.o(i.DrawXInsideCell)
    FMC_SDRAM_Init                           0x08000e97   Thumb Code    80  stm32f4xx_ll_fmc.o(i.FMC_SDRAM_Init)
    FMC_SDRAM_ProgramRefreshRate             0x08000ee7   Thumb Code    12  stm32f4xx_ll_fmc.o(i.FMC_SDRAM_ProgramRefreshRate)
    FMC_SDRAM_SendCommand                    0x08000ef3   Thumb Code    72  stm32f4xx_ll_fmc.o(i.FMC_SDRAM_SendCommand)
    FMC_SDRAM_Timing_Init                    0x08000f3d   Thumb Code   124  stm32f4xx_ll_fmc.o(i.FMC_SDRAM_Timing_Init)
    GetCellIndexes                           0x0800101d   Thumb Code    38  main.o(i.GetCellIndexes)
    HAL_DMA2D_CLUTLoadingCpltCallback        0x08001043   Thumb Code     2  stm32f4xx_hal_dma2d.o(i.HAL_DMA2D_CLUTLoadingCpltCallback)
    HAL_DMA2D_ConfigLayer                    0x08001045   Thumb Code   158  stm32f4xx_hal_dma2d.o(i.HAL_DMA2D_ConfigLayer)
    HAL_DMA2D_IRQHandler                     0x080010e9   Thumb Code   286  stm32f4xx_hal_dma2d.o(i.HAL_DMA2D_IRQHandler)
    HAL_DMA2D_Init                           0x08001207   Thumb Code    90  stm32f4xx_hal_dma2d.o(i.HAL_DMA2D_Init)
    HAL_DMA2D_LineEventCallback              0x08001261   Thumb Code     2  stm32f4xx_hal_dma2d.o(i.HAL_DMA2D_LineEventCallback)
    HAL_DMA2D_MspInit                        0x08001265   Thumb Code    50  stm32f4xx_hal_msp.o(i.HAL_DMA2D_MspInit)
    HAL_DMA2D_PollForTransfer                0x080012a1   Thumb Code   272  stm32f4xx_hal_dma2d.o(i.HAL_DMA2D_PollForTransfer)
    HAL_DMA2D_Start                          0x080013b1   Thumb Code    52  stm32f4xx_hal_dma2d.o(i.HAL_DMA2D_Start)
    HAL_DMA_DeInit                           0x080013e5   Thumb Code    98  stm32f4xx_hal_dma.o(i.HAL_DMA_DeInit)
    HAL_DMA_Init                             0x08001449   Thumb Code   206  stm32f4xx_hal_dma.o(i.HAL_DMA_Init)
    HAL_Delay                                0x0800151d   Thumb Code    32  stm32f4xx_hal.o(i.HAL_Delay)
    HAL_GPIO_DeInit                          0x0800161d   Thumb Code   348  stm32f4xx_hal_gpio.o(i.HAL_GPIO_DeInit)
    HAL_GPIO_Init                            0x080017a9   Thumb Code   414  stm32f4xx_hal_gpio.o(i.HAL_GPIO_Init)
    HAL_GPIO_WritePin                        0x0800197d   Thumb Code    10  stm32f4xx_hal_gpio.o(i.HAL_GPIO_WritePin)
    HAL_GetTick                              0x08001989   Thumb Code     6  stm32f4xx_hal.o(i.HAL_GetTick)
    HAL_I2CEx_ConfigAnalogFilter             0x08001995   Thumb Code    66  stm32f4xx_hal_i2c_ex.o(i.HAL_I2CEx_ConfigAnalogFilter)
    HAL_I2CEx_ConfigDigitalFilter            0x080019d7   Thumb Code    62  stm32f4xx_hal_i2c_ex.o(i.HAL_I2CEx_ConfigDigitalFilter)
    HAL_I2C_DeInit                           0x08001a15   Thumb Code    50  stm32f4xx_hal_i2c.o(i.HAL_I2C_DeInit)
    HAL_I2C_GetState                         0x08001a47   Thumb Code     6  stm32f4xx_hal_i2c.o(i.HAL_I2C_GetState)
    HAL_I2C_Init                             0x08001a4d   Thumb Code   376  stm32f4xx_hal_i2c.o(i.HAL_I2C_Init)
    HAL_I2C_Mem_Read                         0x08001bd5   Thumb Code   490  stm32f4xx_hal_i2c.o(i.HAL_I2C_Mem_Read)
    HAL_I2C_Mem_Write                        0x08001dcd   Thumb Code   294  stm32f4xx_hal_i2c.o(i.HAL_I2C_Mem_Write)
    HAL_I2C_MspDeInit                        0x08001efd   Thumb Code    44  stm32f4xx_hal_msp.o(i.HAL_I2C_MspDeInit)
    HAL_I2C_MspInit                          0x08001f39   Thumb Code   118  stm32f4xx_hal_msp.o(i.HAL_I2C_MspInit)
    HAL_IncTick                              0x08001fc1   Thumb Code    12  stm32f4xx_hal.o(i.HAL_IncTick)
    HAL_Init                                 0x08001fd1   Thumb Code    48  stm32f4xx_hal.o(i.HAL_Init)
    HAL_InitTick                             0x08002005   Thumb Code   100  stm32f4xx_hal_timebase_tim.o(i.HAL_InitTick)
    HAL_LTDC_ConfigLayer                     0x08002079   Thumb Code    82  stm32f4xx_hal_ltdc.o(i.HAL_LTDC_ConfigLayer)
    HAL_LTDC_EnableDither                    0x080020cd   Thumb Code    42  stm32f4xx_hal_ltdc.o(i.HAL_LTDC_EnableDither)
    HAL_LTDC_ErrorCallback                   0x080020fd   Thumb Code     2  stm32f4xx_hal_ltdc.o(i.HAL_LTDC_ErrorCallback)
    HAL_LTDC_IRQHandler                      0x080020ff   Thumb Code   202  stm32f4xx_hal_ltdc.o(i.HAL_LTDC_IRQHandler)
    HAL_LTDC_Init                            0x080021c9   Thumb Code   238  stm32f4xx_hal_ltdc.o(i.HAL_LTDC_Init)
    HAL_LTDC_LineEventCallback               0x080022bd   Thumb Code     2  stm32f4xx_hal_ltdc.o(i.HAL_LTDC_LineEventCallback)
    HAL_LTDC_MspInit                         0x080022c1   Thumb Code   356  stm32f4xx_hal_msp.o(i.HAL_LTDC_MspInit)
    HAL_LTDC_ReloadEventCallback             0x08002445   Thumb Code     2  stm32f4xx_hal_ltdc.o(i.HAL_LTDC_ReloadEventCallback)
    HAL_MspInit                              0x08002449   Thumb Code    42  stm32f4xx_hal_msp.o(i.HAL_MspInit)
    HAL_NVIC_EnableIRQ                       0x08002479   Thumb Code    26  stm32f4xx_hal_cortex.o(i.HAL_NVIC_EnableIRQ)
    HAL_NVIC_SetPriority                     0x08002495   Thumb Code    60  stm32f4xx_hal_cortex.o(i.HAL_NVIC_SetPriority)
    HAL_NVIC_SetPriorityGrouping             0x080024d5   Thumb Code    26  stm32f4xx_hal_cortex.o(i.HAL_NVIC_SetPriorityGrouping)
    HAL_RCCEx_PeriphCLKConfig                0x080024f9   Thumb Code   560  stm32f4xx_hal_rcc_ex.o(i.HAL_RCCEx_PeriphCLKConfig)
    HAL_RCC_ClockConfig                      0x0800274d   Thumb Code   288  stm32f4xx_hal_rcc.o(i.HAL_RCC_ClockConfig)
    HAL_RCC_GetClockConfig                   0x08002881   Thumb Code    54  stm32f4xx_hal_rcc.o(i.HAL_RCC_GetClockConfig)
    HAL_RCC_GetPCLK1Freq                     0x080028c1   Thumb Code    20  stm32f4xx_hal_rcc.o(i.HAL_RCC_GetPCLK1Freq)
    HAL_RCC_GetPCLK2Freq                     0x080028e1   Thumb Code    20  stm32f4xx_hal_rcc.o(i.HAL_RCC_GetPCLK2Freq)
    HAL_RCC_GetSysClockFreq                  0x08002901   Thumb Code    88  stm32f4xx_hal_rcc.o(i.HAL_RCC_GetSysClockFreq)
    HAL_RCC_OscConfig                        0x08002961   Thumb Code   840  stm32f4xx_hal_rcc.o(i.HAL_RCC_OscConfig)
    HAL_SDRAM_Init                           0x08002cbd   Thumb Code    66  stm32f4xx_hal_sdram.o(i.HAL_SDRAM_Init)
    HAL_SDRAM_MspInit                        0x08002cff   Thumb Code     4  stm32f4xx_hal_msp.o(i.HAL_SDRAM_MspInit)
    HAL_SDRAM_ProgramRefreshRate             0x08002d03   Thumb Code    34  stm32f4xx_hal_sdram.o(i.HAL_SDRAM_ProgramRefreshRate)
    HAL_SDRAM_SendCommand                    0x08002d25   Thumb Code    48  stm32f4xx_hal_sdram.o(i.HAL_SDRAM_SendCommand)
    HAL_SPI_DeInit                           0x08002d55   Thumb Code    46  stm32f4xx_hal_spi.o(i.HAL_SPI_DeInit)
    HAL_SPI_GetState                         0x08002d83   Thumb Code     6  stm32f4xx_hal_spi.o(i.HAL_SPI_GetState)
    HAL_SPI_Init                             0x08002d89   Thumb Code   128  stm32f4xx_hal_spi.o(i.HAL_SPI_Init)
    HAL_SPI_MspDeInit                        0x08002e09   Thumb Code    30  stm32f4xx_hal_msp.o(i.HAL_SPI_MspDeInit)
    HAL_SPI_MspInit                          0x08002e35   Thumb Code    94  stm32f4xx_hal_msp.o(i.HAL_SPI_MspInit)
    HAL_SPI_Receive                          0x08002ea1   Thumb Code   336  stm32f4xx_hal_spi.o(i.HAL_SPI_Receive)
    HAL_SPI_Transmit                         0x08002ff1   Thumb Code   348  stm32f4xx_hal_spi.o(i.HAL_SPI_Transmit)
    HAL_SPI_TransmitReceive                  0x0800314d   Thumb Code   482  stm32f4xx_hal_spi.o(i.HAL_SPI_TransmitReceive)
    HAL_TIMEx_BreakCallback                  0x0800332f   Thumb Code     2  stm32f4xx_hal_tim_ex.o(i.HAL_TIMEx_BreakCallback)
    HAL_TIMEx_CommutCallback                 0x08003331   Thumb Code     2  stm32f4xx_hal_tim_ex.o(i.HAL_TIMEx_CommutCallback)
    HAL_TIMEx_MasterConfigSynchronization    0x08003335   Thumb Code   116  stm32f4xx_hal_tim_ex.o(i.HAL_TIMEx_MasterConfigSynchronization)
    HAL_TIM_Base_Init                        0x080033c5   Thumb Code    54  stm32f4xx_hal_tim.o(i.HAL_TIM_Base_Init)
    HAL_TIM_Base_MspInit                     0x080033fd   Thumb Code    30  stm32f4xx_hal_msp.o(i.HAL_TIM_Base_MspInit)
    HAL_TIM_Base_Start_IT                    0x08003425   Thumb Code    34  stm32f4xx_hal_tim.o(i.HAL_TIM_Base_Start_IT)
    HAL_TIM_ConfigClockSource                0x08003447   Thumb Code   214  stm32f4xx_hal_tim.o(i.HAL_TIM_ConfigClockSource)
    HAL_TIM_IC_CaptureCallback               0x0800351d   Thumb Code     2  stm32f4xx_hal_tim.o(i.HAL_TIM_IC_CaptureCallback)
    HAL_TIM_IRQHandler                       0x0800351f   Thumb Code   358  stm32f4xx_hal_tim.o(i.HAL_TIM_IRQHandler)
    HAL_TIM_OC_DelayElapsedCallback          0x08003685   Thumb Code     2  stm32f4xx_hal_tim.o(i.HAL_TIM_OC_DelayElapsedCallback)
    HAL_TIM_PWM_PulseFinishedCallback        0x08003687   Thumb Code     2  stm32f4xx_hal_tim.o(i.HAL_TIM_PWM_PulseFinishedCallback)
    HAL_TIM_PeriodElapsedCallback            0x08003689   Thumb Code    14  main.o(i.HAL_TIM_PeriodElapsedCallback)
    HAL_TIM_TriggerCallback                  0x0800369d   Thumb Code     2  stm32f4xx_hal_tim.o(i.HAL_TIM_TriggerCallback)
    HAL_UART_Init                            0x0800369f   Thumb Code    98  stm32f4xx_hal_uart.o(i.HAL_UART_Init)
    HAL_UART_MspInit                         0x08003701   Thumb Code   110  stm32f4xx_hal_msp.o(i.HAL_UART_MspInit)
    HAL_UART_Transmit                        0x0800377d   Thumb Code   186  stm32f4xx_hal_uart.o(i.HAL_UART_Transmit)
    HardFault_Handler                        0x08003837   Thumb Code     2  stm32f4xx_it.o(i.HardFault_Handler)
    IOE_Delay                                0x08003d1d   Thumb Code     4  stm32f429i_discovery.o(i.IOE_Delay)
    IOE_ITConfig                             0x08003d21   Thumb Code    68  stm32f429i_discovery.o(i.IOE_ITConfig)
    IOE_Init                                 0x08003d71   Thumb Code     4  stm32f429i_discovery.o(i.IOE_Init)
    IOE_Read                                 0x08003d75   Thumb Code    44  stm32f429i_discovery.o(i.IOE_Read)
    IOE_ReadMultiple                         0x08003da9   Thumb Code    38  stm32f429i_discovery.o(i.IOE_ReadMultiple)
    IOE_Write                                0x08003dd9   Thumb Code    40  stm32f429i_discovery.o(i.IOE_Write)
    LCD_Delay                                0x08003e09   Thumb Code     4  stm32f429i_discovery.o(i.LCD_Delay)
    LCD_IO_Init                              0x08003e0d   Thumb Code   150  stm32f429i_discovery.o(i.LCD_IO_Init)
    LCD_IO_ReadData                          0x08003eb5   Thumb Code    92  stm32f429i_discovery.o(i.LCD_IO_ReadData)
    LCD_IO_WriteData                         0x08003f21   Thumb Code    46  stm32f429i_discovery.o(i.LCD_IO_WriteData)
    LCD_IO_WriteReg                          0x08003f59   Thumb Code    48  stm32f429i_discovery.o(i.LCD_IO_WriteReg)
    LTDC_IRQHandler                          0x08003f91   Thumb Code     6  stm32f4xx_it.o(i.LTDC_IRQHandler)
    MemManage_Handler                        0x080044c5   Thumb Code     2  stm32f4xx_it.o(i.MemManage_Handler)
    Meniu_Credits                            0x080044c9   Thumb Code   136  main.o(i.Meniu_Credits)
    Meniu_Show                               0x08004599   Thumb Code   168  main.o(i.Meniu_Show)
    NMI_Handler                              0x08004669   Thumb Code     2  stm32f4xx_it.o(i.NMI_Handler)
    PendSV_Handler                           0x0800466b   Thumb Code     2  stm32f4xx_it.o(i.PendSV_Handler)
    SVC_Handler                              0x08004889   Thumb Code     2  stm32f4xx_it.o(i.SVC_Handler)
    SystemClock_Config                       0x0800488d   Thumb Code   150  main.o(i.SystemClock_Config)
    SystemInit                               0x0800492d   Thumb Code    22  system_stm32f4xx.o(i.SystemInit)
    TIM6_DAC_IRQHandler                      0x08004949   Thumb Code     6  stm32f4xx_it.o(i.TIM6_DAC_IRQHandler)
    TIM_Base_SetConfig                       0x08004955   Thumb Code   156  stm32f4xx_hal_tim.o(i.TIM_Base_SetConfig)
    TIM_ETR_SetConfig                        0x08004a1d   Thumb Code    20  stm32f4xx_hal_tim.o(i.TIM_ETR_SetConfig)
    TryGetCellTouched                        0x08004a89   Thumb Code    88  main.o(i.TryGetCellTouched)
    USART1_IRQHandler                        0x08004c6d   Thumb Code    26  stm32f4xx_it.o(i.USART1_IRQHandler)
    UsageFault_Handler                       0x08004c95   Thumb Code     2  stm32f4xx_it.o(i.UsageFault_Handler)
    __0printf$3                              0x08004c99   Thumb Code    22  printf3.o(i.__0printf$3)
    __1printf$3                              0x08004c99   Thumb Code     0  printf3.o(i.__0printf$3)
    __2printf                                0x08004c99   Thumb Code     0  printf3.o(i.__0printf$3)
    __0sprintf$3                             0x08004cb9   Thumb Code    34  printf3.o(i.__0sprintf$3)
    __1sprintf$3                             0x08004cb9   Thumb Code     0  printf3.o(i.__0sprintf$3)
    __2sprintf                               0x08004cb9   Thumb Code     0  printf3.o(i.__0sprintf$3)
    __scatterload_copy                       0x08004d01   Thumb Code    14  handlers.o(i.__scatterload_copy)
    __scatterload_null                       0x08004d0f   Thumb Code     2  handlers.o(i.__scatterload_null)
    __scatterload_zeroinit                   0x08004d11   Thumb Code    14  handlers.o(i.__scatterload_zeroinit)
    fputc                                    0x08004ee5   Thumb Code    20  main.o(i.fputc)
    ili9341_DisplayOff                       0x08004efd   Thumb Code     6  ili9341.o(i.ili9341_DisplayOff)
    ili9341_DisplayOn                        0x08004f03   Thumb Code     6  ili9341.o(i.ili9341_DisplayOn)
    ili9341_GetLcdPixelHeight                0x08004f09   Thumb Code     6  ili9341.o(i.ili9341_GetLcdPixelHeight)
    ili9341_GetLcdPixelWidth                 0x08004f0f   Thumb Code     4  ili9341.o(i.ili9341_GetLcdPixelWidth)
    ili9341_Init                             0x08004f13   Thumb Code   658  ili9341.o(i.ili9341_Init)
    ili9341_ReadID                           0x080051a5   Thumb Code    18  ili9341.o(i.ili9341_ReadID)
    isInsideRect                             0x080051b7   Thumb Code    34  main.o(i.isInsideRect)
    main                                     0x080051d9   Thumb Code   190  main.o(i.main)
    showGameScreen                           0x080052f1   Thumb Code   314  main.o(i.showGameScreen)
    stmpe811_ClearGlobalIT                   0x08005475   Thumb Code    10  stmpe811.o(i.stmpe811_ClearGlobalIT)
    stmpe811_DisableGlobalIT                 0x0800547f   Thumb Code    28  stmpe811.o(i.stmpe811_DisableGlobalIT)
    stmpe811_DisableITSource                 0x0800549b   Thumb Code    30  stmpe811.o(i.stmpe811_DisableITSource)
    stmpe811_EnableGlobalIT                  0x080054b9   Thumb Code    28  stmpe811.o(i.stmpe811_EnableGlobalIT)
    stmpe811_EnableITSource                  0x080054d5   Thumb Code    30  stmpe811.o(i.stmpe811_EnableITSource)
    stmpe811_IO_EnableAF                     0x08005511   Thumb Code    30  stmpe811.o(i.stmpe811_IO_EnableAF)
    stmpe811_Init                            0x08005531   Thumb Code    42  stmpe811.o(i.stmpe811_Init)
    stmpe811_ReadID                          0x08005561   Thumb Code    32  stmpe811.o(i.stmpe811_ReadID)
    stmpe811_Reset                           0x08005581   Thumb Code    40  stmpe811.o(i.stmpe811_Reset)
    stmpe811_TS_ClearIT                      0x080055a9   Thumb Code     6  stmpe811.o(i.stmpe811_TS_ClearIT)
    stmpe811_TS_DetectTouch                  0x080055af   Thumb Code    54  stmpe811.o(i.stmpe811_TS_DetectTouch)
    stmpe811_TS_DisableIT                    0x080055e5   Thumb Code    20  stmpe811.o(i.stmpe811_TS_DisableIT)
    stmpe811_TS_EnableIT                     0x080055f9   Thumb Code    26  stmpe811.o(i.stmpe811_TS_EnableIT)
    stmpe811_TS_GetXY                        0x08005613   Thumb Code    62  stmpe811.o(i.stmpe811_TS_GetXY)
    stmpe811_TS_ITStatus                     0x08005651   Thumb Code    16  stmpe811.o(i.stmpe811_TS_ITStatus)
    stmpe811_TS_Start                        0x08005661   Thumb Code   162  stmpe811.o(i.stmpe811_TS_Start)
    tryGetWinner                             0x08005705   Thumb Code   130  main.o(i.tryGetWinner)
    colors                                   0x08005788   Data       136900  main.o(.constdata)
    colors_x                                 0x08026e4c   Data       12996  main.o(.constdata)
    colors_o                                 0x0802a110   Data       12996  main.o(.constdata)
    AHBPrescTable                            0x0802d400   Data          16  system_stm32f4xx.o(.constdata)
    APBPrescTable                            0x0802d410   Data           8  system_stm32f4xx.o(.constdata)
    Font24_Table                             0x0802d418   Data        6840  stm32f429i_discovery_lcd.o(.constdata)
    Font16_Table                             0x0802eed0   Data        3040  stm32f429i_discovery_lcd.o(.constdata)
    Region$$Table$$Base                      0x0802fab0   Number         0  anon$$obj.o(Region$$Table)
    Region$$Table$$Limit                     0x0802fad0   Number         0  anon$$obj.o(Region$$Table)
    uwTickFreq                               0x20000008   Data           1  stm32f4xx_hal.o(.data)
    uwTickPrio                               0x2000000c   Data           4  stm32f4xx_hal.o(.data)
    uwTick                                   0x20000010   Data           4  stm32f4xx_hal.o(.data)
    SystemCoreClock                          0x20000014   Data           4  system_stm32f4xx.o(.data)
    LcdDrv                                   0x2000001c   Data           4  stm32f429i_discovery_lcd.o(.data)
    Font24                                   0x20000020   Data           8  stm32f429i_discovery_lcd.o(.data)
    Font16                                   0x20000028   Data           8  stm32f429i_discovery_lcd.o(.data)
    BUTTON_PORT                              0x20000038   Data           4  stm32f429i_discovery.o(.data)
    I2cxTimeout                              0x2000003c   Data           4  stm32f429i_discovery.o(.data)
    SpixTimeout                              0x20000040   Data           4  stm32f429i_discovery.o(.data)
    GPIO_PORT                                0x20000044   Data           8  stm32f429i_discovery.o(.data)
    TS_State                                 0x2000005c   Data           8  stm32f429i_discovery_ts.o(.data)
    ili9341_drv                              0x20000064   Data          56  ili9341.o(.data)
    stmpe811_ts_drv                          0x2000009c   Data          40  stmpe811.o(.data)
    stmpe811                                 0x200000c4   Data           2  stmpe811.o(.data)
    __stdout                                 0x200000c8   Data           4  stdout.o(.data)
    hdma2d                                   0x200000cc   Data          64  main.o(.bss)
    hi2c3                                    0x2000010c   Data          84  main.o(.bss)
    hltdc                                    0x20000160   Data         168  main.o(.bss)
    hspi5                                    0x20000208   Data          88  main.o(.bss)
    htim1                                    0x20000260   Data          64  main.o(.bss)
    huart1                                   0x200002a0   Data          64  main.o(.bss)
    hsdram1                                  0x200002e0   Data          52  main.o(.bss)
    htim6                                    0x20000314   Data          64  stm32f4xx_hal_timebase_tim.o(.bss)
    LtdcHandler                              0x20000354   Data         168  stm32f429i_discovery_lcd.o(.bss)
    I2cHandle                                0x200005a4   Data          84  stm32f429i_discovery.o(.bss)
    __initial_sp                             0x20000a50   Data           0  startup_stm32f429xx.o(STACK)



==============================================================================

Memory Map of the image

  Image Entry point : 0x080001ad

  Load Region LR_IROM1 (Base: 0x08000000, Size: 0x0002fb9c, Max: 0x00200000, ABSOLUTE)

    Execution Region ER_IROM1 (Exec base: 0x08000000, Load base: 0x08000000, Size: 0x0002fad0, Max: 0x00200000, ABSOLUTE)

    Exec Addr    Load Addr    Size         Type   Attr      Idx    E Section Name        Object

    0x08000000   0x08000000   0x000001ac   Data   RO            3    RESET               startup_stm32f429xx.o
    0x080001ac   0x080001ac   0x00000000   Code   RO         5685  * .ARM.Collect$$$$00000000  mc_w.l(entry.o)
    0x080001ac   0x080001ac   0x00000004   Code   RO         5957    .ARM.Collect$$$$00000001  mc_w.l(entry2.o)
    0x080001b0   0x080001b0   0x00000004   Code   RO         5960    .ARM.Collect$$$$00000004  mc_w.l(entry5.o)
    0x080001b4   0x080001b4   0x00000000   Code   RO         5962    .ARM.Collect$$$$00000008  mc_w.l(entry7b.o)
    0x080001b4   0x080001b4   0x00000000   Code   RO         5964    .ARM.Collect$$$$0000000A  mc_w.l(entry8b.o)
    0x080001b4   0x080001b4   0x00000008   Code   RO         5965    .ARM.Collect$$$$0000000B  mc_w.l(entry9a.o)
    0x080001bc   0x080001bc   0x00000000   Code   RO         5967    .ARM.Collect$$$$0000000D  mc_w.l(entry10a.o)
    0x080001bc   0x080001bc   0x00000000   Code   RO         5969    .ARM.Collect$$$$0000000F  mc_w.l(entry11a.o)
    0x080001bc   0x080001bc   0x00000004   Code   RO         5958    .ARM.Collect$$$$00002712  mc_w.l(entry2.o)
    0x080001c0   0x080001c0   0x00000024   Code   RO            4    .text               startup_stm32f429xx.o
    0x080001e4   0x080001e4   0x00000062   Code   RO         5688    .text               mc_w.l(uldiv.o)
    0x08000246   0x08000246   0x00000024   Code   RO         5690    .text               mc_w.l(memcpya.o)
    0x0800026a   0x0800026a   0x00000024   Code   RO         5692    .text               mc_w.l(memseta.o)
    0x0800028e   0x0800028e   0x0000002c   Code   RO         5972    .text               mc_w.l(uidiv.o)
    0x080002ba   0x080002ba   0x0000001e   Code   RO         5974    .text               mc_w.l(llshl.o)
    0x080002d8   0x080002d8   0x00000020   Code   RO         5976    .text               mc_w.l(llushr.o)
    0x080002f8   0x080002f8   0x00000024   Code   RO         5989    .text               mc_w.l(init.o)
    0x0800031c   0x0800031c   0x0000003c   Code   RO         4736    i.BSP_LCD_Clear     stm32f429i_discovery_lcd.o
    0x08000358   0x08000358   0x00000034   Code   RO         4738    i.BSP_LCD_DisplayChar  stm32f429i_discovery_lcd.o
    0x0800038c   0x0800038c   0x00000014   Code   RO         4740    i.BSP_LCD_DisplayOn  stm32f429i_discovery_lcd.o
    0x080003a0   0x080003a0   0x000000c4   Code   RO         4741    i.BSP_LCD_DisplayStringAt  stm32f429i_discovery_lcd.o
    0x08000464   0x08000464   0x0000004c   Code   RO         4746    i.BSP_LCD_DrawHLine  stm32f429i_discovery_lcd.o
    0x080004b0   0x080004b0   0x00000034   Code   RO         4748    i.BSP_LCD_DrawPixel  stm32f429i_discovery_lcd.o
    0x080004e4   0x080004e4   0x00000036   Code   RO         4750    i.BSP_LCD_DrawRect  stm32f429i_discovery_lcd.o
    0x0800051a   0x0800051a   0x00000002   PAD
    0x0800051c   0x0800051c   0x00000058   Code   RO         4751    i.BSP_LCD_DrawVLine  stm32f429i_discovery_lcd.o
    0x08000574   0x08000574   0x0000001c   Code   RO         4758    i.BSP_LCD_GetFont   stm32f429i_discovery_lcd.o
    0x08000590   0x08000590   0x0000000c   Code   RO         4760    i.BSP_LCD_GetXSize  stm32f429i_discovery_lcd.o
    0x0800059c   0x0800059c   0x0000000c   Code   RO         4761    i.BSP_LCD_GetYSize  stm32f429i_discovery_lcd.o
    0x080005a8   0x080005a8   0x00000094   Code   RO         4762    i.BSP_LCD_Init      stm32f429i_discovery_lcd.o
    0x0800063c   0x0800063c   0x00000080   Code   RO         4763    i.BSP_LCD_LayerDefaultInit  stm32f429i_discovery_lcd.o
    0x080006bc   0x080006bc   0x0000012c   Code   RO         4764    i.BSP_LCD_MspInit   stm32f429i_discovery_lcd.o
    0x080007e8   0x080007e8   0x0000000c   Code   RO         4769    i.BSP_LCD_SelectLayer  stm32f429i_discovery_lcd.o
    0x080007f4   0x080007f4   0x0000001c   Code   RO         4773    i.BSP_LCD_SetFont   stm32f429i_discovery_lcd.o
    0x08000810   0x08000810   0x00000018   Code   RO         4780    i.BSP_LCD_SetTextColor  stm32f429i_discovery_lcd.o
    0x08000828   0x08000828   0x00000078   Code   RO         5081    i.BSP_SDRAM_Init    stm32f429i_discovery_sdram.o
    0x080008a0   0x080008a0   0x00000088   Code   RO         5082    i.BSP_SDRAM_Initialization_sequence  stm32f429i_discovery_sdram.o
    0x08000928   0x08000928   0x00000164   Code   RO         5084    i.BSP_SDRAM_MspInit  stm32f429i_discovery_sdram.o
    0x08000a8c   0x08000a8c   0x000000b0   Code   RO         5351    i.BSP_TS_GetState   stm32f429i_discovery_ts.o
    0x08000b3c   0x08000b3c   0x00000038   Code   RO         5355    i.BSP_TS_Init       stm32f429i_discovery_ts.o
    0x08000b74   0x08000b74   0x00000002   Code   RO          365    i.BusFault_Handler  stm32f4xx_it.o
    0x08000b76   0x08000b76   0x00000018   Code   RO           13    i.CellIsEmpty       main.o
    0x08000b8e   0x08000b8e   0x00000002   PAD
    0x08000b90   0x08000b90   0x0000000c   Code   RO          366    i.DMA2D_IRQHandler  stm32f4xx_it.o
    0x08000b9c   0x08000b9c   0x00000096   Code   RO          613    i.DMA2D_SetConfig   stm32f4xx_hal_dma2d.o
    0x08000c32   0x08000c32   0x00000002   PAD
    0x08000c34   0x08000c34   0x00000028   Code   RO         1333    i.DMA_CalcBaseAndBitshift  stm32f4xx_hal_dma.o
    0x08000c5c   0x08000c5c   0x00000054   Code   RO         1334    i.DMA_CheckFifoParam  stm32f4xx_hal_dma.o
    0x08000cb0   0x08000cb0   0x00000002   Code   RO          367    i.DebugMon_Handler  stm32f4xx_it.o
    0x08000cb2   0x08000cb2   0x00000002   PAD
    0x08000cb4   0x08000cb4   0x00000040   Code   RO           14    i.Draw0AtPosition   main.o
    0x08000cf4   0x08000cf4   0x00000040   Code   RO           15    i.DrawBoard         main.o
    0x08000d34   0x08000d34   0x000000b4   Code   RO         4784    i.DrawChar          stm32f429i_discovery_lcd.o
    0x08000de8   0x08000de8   0x00000030   Code   RO           16    i.DrawCircleInCell  main.o
    0x08000e18   0x08000e18   0x00000040   Code   RO           17    i.DrawXAtPosition   main.o
    0x08000e58   0x08000e58   0x0000003e   Code   RO           18    i.DrawXInsideCell   main.o
    0x08000e96   0x08000e96   0x00000050   Code   RO         2056    i.FMC_SDRAM_Init    stm32f4xx_ll_fmc.o
    0x08000ee6   0x08000ee6   0x0000000c   Code   RO         2057    i.FMC_SDRAM_ProgramRefreshRate  stm32f4xx_ll_fmc.o
    0x08000ef2   0x08000ef2   0x00000048   Code   RO         2058    i.FMC_SDRAM_SendCommand  stm32f4xx_ll_fmc.o
    0x08000f3a   0x08000f3a   0x00000002   PAD
    0x08000f3c   0x08000f3c   0x00000080   Code   RO         2060    i.FMC_SDRAM_Timing_Init  stm32f4xx_ll_fmc.o
    0x08000fbc   0x08000fbc   0x00000060   Code   RO         4785    i.FillBuffer        stm32f429i_discovery_lcd.o
    0x0800101c   0x0800101c   0x00000026   Code   RO           20    i.GetCellIndexes    main.o
    0x08001042   0x08001042   0x00000002   Code   RO          619    i.HAL_DMA2D_CLUTLoadingCpltCallback  stm32f4xx_hal_dma2d.o
    0x08001044   0x08001044   0x000000a4   Code   RO          627    i.HAL_DMA2D_ConfigLayer  stm32f4xx_hal_dma2d.o
    0x080010e8   0x080010e8   0x0000011e   Code   RO          634    i.HAL_DMA2D_IRQHandler  stm32f4xx_hal_dma2d.o
    0x08001206   0x08001206   0x0000005a   Code   RO          635    i.HAL_DMA2D_Init    stm32f4xx_hal_dma2d.o
    0x08001260   0x08001260   0x00000002   Code   RO          636    i.HAL_DMA2D_LineEventCallback  stm32f4xx_hal_dma2d.o
    0x08001262   0x08001262   0x00000002   PAD
    0x08001264   0x08001264   0x0000003c   Code   RO          460    i.HAL_DMA2D_MspInit  stm32f4xx_hal_msp.o
    0x080012a0   0x080012a0   0x00000110   Code   RO          639    i.HAL_DMA2D_PollForTransfer  stm32f4xx_hal_dma2d.o
    0x080013b0   0x080013b0   0x00000034   Code   RO          642    i.HAL_DMA2D_Start   stm32f4xx_hal_dma2d.o
    0x080013e4   0x080013e4   0x00000062   Code   RO         1338    i.HAL_DMA_DeInit    stm32f4xx_hal_dma.o
    0x08001446   0x08001446   0x00000002   PAD
    0x08001448   0x08001448   0x000000d4   Code   RO         1342    i.HAL_DMA_Init      stm32f4xx_hal_dma.o
    0x0800151c   0x0800151c   0x00000024   Code   RO         1773    i.HAL_Delay         stm32f4xx_hal.o
    0x08001540   0x08001540   0x000000dc   Code   RO          461    i.HAL_FMC_MspInit   stm32f4xx_hal_msp.o
    0x0800161c   0x0800161c   0x0000018c   Code   RO         1226    i.HAL_GPIO_DeInit   stm32f4xx_hal_gpio.o
    0x080017a8   0x080017a8   0x000001d4   Code   RO         1229    i.HAL_GPIO_Init     stm32f4xx_hal_gpio.o
    0x0800197c   0x0800197c   0x0000000a   Code   RO         1233    i.HAL_GPIO_WritePin  stm32f4xx_hal_gpio.o
    0x08001986   0x08001986   0x00000002   PAD
    0x08001988   0x08001988   0x0000000c   Code   RO         1781    i.HAL_GetTick       stm32f4xx_hal.o
    0x08001994   0x08001994   0x00000042   Code   RO         2799    i.HAL_I2CEx_ConfigAnalogFilter  stm32f4xx_hal_i2c_ex.o
    0x080019d6   0x080019d6   0x0000003e   Code   RO         2800    i.HAL_I2CEx_ConfigDigitalFilter  stm32f4xx_hal_i2c_ex.o
    0x08001a14   0x08001a14   0x00000032   Code   RO         2374    i.HAL_I2C_DeInit    stm32f4xx_hal_i2c.o
    0x08001a46   0x08001a46   0x00000006   Code   RO         2382    i.HAL_I2C_GetState  stm32f4xx_hal_i2c.o
    0x08001a4c   0x08001a4c   0x00000188   Code   RO         2383    i.HAL_I2C_Init      stm32f4xx_hal_i2c.o
    0x08001bd4   0x08001bd4   0x000001f8   Code   RO         2401    i.HAL_I2C_Mem_Read  stm32f4xx_hal_i2c.o
    0x08001dcc   0x08001dcc   0x00000130   Code   RO         2404    i.HAL_I2C_Mem_Write  stm32f4xx_hal_i2c.o
    0x08001efc   0x08001efc   0x0000003c   Code   RO          462    i.HAL_I2C_MspDeInit  stm32f4xx_hal_msp.o
    0x08001f38   0x08001f38   0x00000088   Code   RO          463    i.HAL_I2C_MspInit   stm32f4xx_hal_msp.o
    0x08001fc0   0x08001fc0   0x00000010   Code   RO         1787    i.HAL_IncTick       stm32f4xx_hal.o
    0x08001fd0   0x08001fd0   0x00000034   Code   RO         1788    i.HAL_Init          stm32f4xx_hal.o
    0x08002004   0x08002004   0x00000074   Code   RO          574    i.HAL_InitTick      stm32f4xx_hal_timebase_tim.o
    0x08002078   0x08002078   0x00000052   Code   RO         2832    i.HAL_LTDC_ConfigLayer  stm32f4xx_hal_ltdc.o
    0x080020ca   0x080020ca   0x00000002   PAD
    0x080020cc   0x080020cc   0x00000030   Code   RO         2844    i.HAL_LTDC_EnableDither  stm32f4xx_hal_ltdc.o
    0x080020fc   0x080020fc   0x00000002   Code   RO         2845    i.HAL_LTDC_ErrorCallback  stm32f4xx_hal_ltdc.o
    0x080020fe   0x080020fe   0x000000ca   Code   RO         2848    i.HAL_LTDC_IRQHandler  stm32f4xx_hal_ltdc.o
    0x080021c8   0x080021c8   0x000000f4   Code   RO         2849    i.HAL_LTDC_Init     stm32f4xx_hal_ltdc.o
    0x080022bc   0x080022bc   0x00000002   Code   RO         2850    i.HAL_LTDC_LineEventCallback  stm32f4xx_hal_ltdc.o
    0x080022be   0x080022be   0x00000002   PAD
    0x080022c0   0x080022c0   0x00000184   Code   RO          465    i.HAL_LTDC_MspInit  stm32f4xx_hal_msp.o
    0x08002444   0x08002444   0x00000002   Code   RO         2855    i.HAL_LTDC_ReloadEventCallback  stm32f4xx_hal_ltdc.o
    0x08002446   0x08002446   0x00000002   PAD
    0x08002448   0x08002448   0x00000030   Code   RO          466    i.HAL_MspInit       stm32f4xx_hal_msp.o
    0x08002478   0x08002478   0x0000001a   Code   RO         1636    i.HAL_NVIC_EnableIRQ  stm32f4xx_hal_cortex.o
    0x08002492   0x08002492   0x00000002   PAD
    0x08002494   0x08002494   0x00000040   Code   RO         1642    i.HAL_NVIC_SetPriority  stm32f4xx_hal_cortex.o
    0x080024d4   0x080024d4   0x00000024   Code   RO         1643    i.HAL_NVIC_SetPriorityGrouping  stm32f4xx_hal_cortex.o
    0x080024f8   0x080024f8   0x00000254   Code   RO          930    i.HAL_RCCEx_PeriphCLKConfig  stm32f4xx_hal_rcc_ex.o
    0x0800274c   0x0800274c   0x00000134   Code   RO          823    i.HAL_RCC_ClockConfig  stm32f4xx_hal_rcc.o
    0x08002880   0x08002880   0x00000040   Code   RO          827    i.HAL_RCC_GetClockConfig  stm32f4xx_hal_rcc.o
    0x080028c0   0x080028c0   0x00000020   Code   RO          830    i.HAL_RCC_GetPCLK1Freq  stm32f4xx_hal_rcc.o
    0x080028e0   0x080028e0   0x00000020   Code   RO          831    i.HAL_RCC_GetPCLK2Freq  stm32f4xx_hal_rcc.o
    0x08002900   0x08002900   0x00000060   Code   RO          832    i.HAL_RCC_GetSysClockFreq  stm32f4xx_hal_rcc.o
    0x08002960   0x08002960   0x0000035c   Code   RO          835    i.HAL_RCC_OscConfig  stm32f4xx_hal_rcc.o
    0x08002cbc   0x08002cbc   0x00000042   Code   RO         2222    i.HAL_SDRAM_Init    stm32f4xx_hal_sdram.o
    0x08002cfe   0x08002cfe   0x00000004   Code   RO          468    i.HAL_SDRAM_MspInit  stm32f4xx_hal_msp.o
    0x08002d02   0x08002d02   0x00000022   Code   RO         2225    i.HAL_SDRAM_ProgramRefreshRate  stm32f4xx_hal_sdram.o
    0x08002d24   0x08002d24   0x00000030   Code   RO         2231    i.HAL_SDRAM_SendCommand  stm32f4xx_hal_sdram.o
    0x08002d54   0x08002d54   0x0000002e   Code   RO         3128    i.HAL_SPI_DeInit    stm32f4xx_hal_spi.o
    0x08002d82   0x08002d82   0x00000006   Code   RO         3131    i.HAL_SPI_GetState  stm32f4xx_hal_spi.o
    0x08002d88   0x08002d88   0x00000080   Code   RO         3133    i.HAL_SPI_Init      stm32f4xx_hal_spi.o
    0x08002e08   0x08002e08   0x0000002c   Code   RO          469    i.HAL_SPI_MspDeInit  stm32f4xx_hal_msp.o
    0x08002e34   0x08002e34   0x0000006c   Code   RO          470    i.HAL_SPI_MspInit   stm32f4xx_hal_msp.o
    0x08002ea0   0x08002ea0   0x00000150   Code   RO         3136    i.HAL_SPI_Receive   stm32f4xx_hal_spi.o
    0x08002ff0   0x08002ff0   0x0000015c   Code   RO         3141    i.HAL_SPI_Transmit  stm32f4xx_hal_spi.o
    0x0800314c   0x0800314c   0x000001e2   Code   RO         3142    i.HAL_SPI_TransmitReceive  stm32f4xx_hal_spi.o
    0x0800332e   0x0800332e   0x00000002   Code   RO         4121    i.HAL_TIMEx_BreakCallback  stm32f4xx_hal_tim_ex.o
    0x08003330   0x08003330   0x00000002   Code   RO         4122    i.HAL_TIMEx_CommutCallback  stm32f4xx_hal_tim_ex.o
    0x08003332   0x08003332   0x00000002   PAD
    0x08003334   0x08003334   0x00000090   Code   RO         4139    i.HAL_TIMEx_MasterConfigSynchronization  stm32f4xx_hal_tim_ex.o
    0x080033c4   0x080033c4   0x00000036   Code   RO         3446    i.HAL_TIM_Base_Init  stm32f4xx_hal_tim.o
    0x080033fa   0x080033fa   0x00000002   PAD
    0x080033fc   0x080033fc   0x00000028   Code   RO          472    i.HAL_TIM_Base_MspInit  stm32f4xx_hal_msp.o
    0x08003424   0x08003424   0x00000022   Code   RO         3451    i.HAL_TIM_Base_Start_IT  stm32f4xx_hal_tim.o
    0x08003446   0x08003446   0x000000d6   Code   RO         3455    i.HAL_TIM_ConfigClockSource  stm32f4xx_hal_tim.o
    0x0800351c   0x0800351c   0x00000002   Code   RO         3475    i.HAL_TIM_IC_CaptureCallback  stm32f4xx_hal_tim.o
    0x0800351e   0x0800351e   0x00000166   Code   RO         3489    i.HAL_TIM_IRQHandler  stm32f4xx_hal_tim.o
    0x08003684   0x08003684   0x00000002   Code   RO         3492    i.HAL_TIM_OC_DelayElapsedCallback  stm32f4xx_hal_tim.o
    0x08003686   0x08003686   0x00000002   Code   RO         3519    i.HAL_TIM_PWM_PulseFinishedCallback  stm32f4xx_hal_tim.o
    0x08003688   0x08003688   0x00000014   Code   RO           21    i.HAL_TIM_PeriodElapsedCallback  main.o
    0x0800369c   0x0800369c   0x00000002   Code   RO         3532    i.HAL_TIM_TriggerCallback  stm32f4xx_hal_tim.o
    0x0800369e   0x0800369e   0x00000062   Code   RO         4397    i.HAL_UART_Init     stm32f4xx_hal_uart.o
    0x08003700   0x08003700   0x0000007c   Code   RO          474    i.HAL_UART_MspInit  stm32f4xx_hal_msp.o
    0x0800377c   0x0800377c   0x000000ba   Code   RO         4405    i.HAL_UART_Transmit  stm32f4xx_hal_uart.o
    0x08003836   0x08003836   0x00000002   Code   RO          368    i.HardFault_Handler  stm32f4xx_it.o
    0x08003838   0x08003838   0x0000002e   Code   RO         2425    i.I2C_IsAcknowledgeFailed  stm32f4xx_hal_i2c.o
    0x08003866   0x08003866   0x00000002   PAD
    0x08003868   0x08003868   0x000000fc   Code   RO         2435    i.I2C_RequestMemoryRead  stm32f4xx_hal_i2c.o
    0x08003964   0x08003964   0x000000a8   Code   RO         2436    i.I2C_RequestMemoryWrite  stm32f4xx_hal_i2c.o
    0x08003a0c   0x08003a0c   0x0000004c   Code   RO         2439    i.I2C_WaitOnBTFFlagUntilTimeout  stm32f4xx_hal_i2c.o
    0x08003a58   0x08003a58   0x00000068   Code   RO         2440    i.I2C_WaitOnFlagUntilTimeout  stm32f4xx_hal_i2c.o
    0x08003ac0   0x08003ac0   0x00000096   Code   RO         2441    i.I2C_WaitOnMasterAddressFlagUntilTimeout  stm32f4xx_hal_i2c.o
    0x08003b56   0x08003b56   0x00000066   Code   RO         2442    i.I2C_WaitOnRXNEFlagUntilTimeout  stm32f4xx_hal_i2c.o
    0x08003bbc   0x08003bbc   0x0000004c   Code   RO         2443    i.I2C_WaitOnTXEFlagUntilTimeout  stm32f4xx_hal_i2c.o
    0x08003c08   0x08003c08   0x00000014   Code   RO         5171    i.I2Cx_Error        stm32f429i_discovery.o
    0x08003c1c   0x08003c1c   0x00000048   Code   RO         5172    i.I2Cx_Init         stm32f429i_discovery.o
    0x08003c64   0x08003c64   0x000000b8   Code   RO         5173    i.I2Cx_MspInit      stm32f429i_discovery.o
    0x08003d1c   0x08003d1c   0x00000004   Code   RO         5174    i.IOE_Delay         stm32f429i_discovery.o
    0x08003d20   0x08003d20   0x00000050   Code   RO         5175    i.IOE_ITConfig      stm32f429i_discovery.o
    0x08003d70   0x08003d70   0x00000004   Code   RO         5176    i.IOE_Init          stm32f429i_discovery.o
    0x08003d74   0x08003d74   0x00000034   Code   RO         5177    i.IOE_Read          stm32f429i_discovery.o
    0x08003da8   0x08003da8   0x00000030   Code   RO         5178    i.IOE_ReadMultiple  stm32f429i_discovery.o
    0x08003dd8   0x08003dd8   0x00000030   Code   RO         5179    i.IOE_Write         stm32f429i_discovery.o
    0x08003e08   0x08003e08   0x00000004   Code   RO         5181    i.LCD_Delay         stm32f429i_discovery.o
    0x08003e0c   0x08003e0c   0x000000a8   Code   RO         5182    i.LCD_IO_Init       stm32f429i_discovery.o
    0x08003eb4   0x08003eb4   0x0000006c   Code   RO         5183    i.LCD_IO_ReadData   stm32f429i_discovery.o
    0x08003f20   0x08003f20   0x00000038   Code   RO         5184    i.LCD_IO_WriteData  stm32f429i_discovery.o
    0x08003f58   0x08003f58   0x00000038   Code   RO         5185    i.LCD_IO_WriteReg   stm32f429i_discovery.o
    0x08003f90   0x08003f90   0x0000000c   Code   RO          369    i.LTDC_IRQHandler   stm32f4xx_it.o
    0x08003f9c   0x08003f9c   0x00000162   Code   RO         2868    i.LTDC_SetConfig    stm32f4xx_hal_ltdc.o
    0x080040fe   0x080040fe   0x00000002   PAD
    0x08004100   0x08004100   0x00000060   Code   RO           22    i.MX_FMC_Init       main.o
    0x08004160   0x08004160   0x000001ac   Code   RO           23    i.MX_GPIO_Init      main.o
    0x0800430c   0x0800430c   0x00000044   Code   RO           24    i.MX_I2C3_Init      main.o
    0x08004350   0x08004350   0x000000a0   Code   RO           25    i.MX_LTDC_Init      main.o
    0x080043f0   0x080043f0   0x00000038   Code   RO           26    i.MX_SPI5_Init      main.o
    0x08004428   0x08004428   0x00000050   Code   RO           27    i.MX_TIM1_Init      main.o
    0x08004478   0x08004478   0x0000004c   Code   RO           28    i.MX_USART1_UART_Init  main.o
    0x080044c4   0x080044c4   0x00000002   Code   RO          370    i.MemManage_Handler  stm32f4xx_it.o
    0x080044c6   0x080044c6   0x00000002   PAD
    0x080044c8   0x080044c8   0x000000d0   Code   RO           29    i.Meniu_Credits     main.o
    0x08004598   0x08004598   0x000000d0   Code   RO           30    i.Meniu_Show        main.o
    0x08004668   0x08004668   0x00000002   Code   RO          371    i.NMI_Handler       stm32f4xx_it.o
    0x0800466a   0x0800466a   0x00000002   Code   RO          372    i.PendSV_Handler    stm32f4xx_it.o
    0x0800466c   0x0800466c   0x0000005c   Code   RO         3170    i.SPI_EndRxTransaction  stm32f4xx_hal_spi.o
    0x080046c8   0x080046c8   0x00000058   Code   RO         3171    i.SPI_EndRxTxTransaction  stm32f4xx_hal_spi.o
    0x08004720   0x08004720   0x00000094   Code   RO         3176    i.SPI_WaitFlagStateUntilTimeout  stm32f4xx_hal_spi.o
    0x080047b4   0x080047b4   0x00000014   Code   RO         5186    i.SPIx_Error        stm32f429i_discovery.o
    0x080047c8   0x080047c8   0x0000009c   Code   RO         5187    i.SPIx_Init         stm32f429i_discovery.o
    0x08004864   0x08004864   0x00000024   Code   RO         5188    i.SPIx_Write        stm32f429i_discovery.o
    0x08004888   0x08004888   0x00000002   Code   RO          373    i.SVC_Handler       stm32f4xx_it.o
    0x0800488a   0x0800488a   0x00000002   PAD
    0x0800488c   0x0800488c   0x000000a0   Code   RO           31    i.SystemClock_Config  main.o
    0x0800492c   0x0800492c   0x0000001c   Code   RO         4699    i.SystemInit        system_stm32f4xx.o
    0x08004948   0x08004948   0x0000000c   Code   RO          374    i.TIM6_DAC_IRQHandler  stm32f4xx_it.o
    0x08004954   0x08004954   0x000000c8   Code   RO         3534    i.TIM_Base_SetConfig  stm32f4xx_hal_tim.o
    0x08004a1c   0x08004a1c   0x00000014   Code   RO         3545    i.TIM_ETR_SetConfig  stm32f4xx_hal_tim.o
    0x08004a30   0x08004a30   0x00000010   Code   RO         3546    i.TIM_ITRx_SetConfig  stm32f4xx_hal_tim.o
    0x08004a40   0x08004a40   0x00000022   Code   RO         3552    i.TIM_TI1_ConfigInputStage  stm32f4xx_hal_tim.o
    0x08004a62   0x08004a62   0x00000024   Code   RO         3554    i.TIM_TI2_ConfigInputStage  stm32f4xx_hal_tim.o
    0x08004a86   0x08004a86   0x00000002   PAD
    0x08004a88   0x08004a88   0x00000058   Code   RO           32    i.TryGetCellTouched  main.o
    0x08004ae0   0x08004ae0   0x00000128   Code   RO         4423    i.UART_SetConfig    stm32f4xx_hal_uart.o
    0x08004c08   0x08004c08   0x00000064   Code   RO         4425    i.UART_WaitOnFlagUntilTimeout  stm32f4xx_hal_uart.o
    0x08004c6c   0x08004c6c   0x00000028   Code   RO          375    i.USART1_IRQHandler  stm32f4xx_it.o
    0x08004c94   0x08004c94   0x00000002   Code   RO          376    i.UsageFault_Handler  stm32f4xx_it.o
    0x08004c96   0x08004c96   0x00000002   PAD
    0x08004c98   0x08004c98   0x00000020   Code   RO         5785    i.__0printf$3       mc_w.l(printf3.o)
    0x08004cb8   0x08004cb8   0x00000028   Code   RO         5787    i.__0sprintf$3      mc_w.l(printf3.o)
    0x08004ce0   0x08004ce0   0x00000020   Code   RO         1649    i.__NVIC_SetPriority  stm32f4xx_hal_cortex.o
    0x08004d00   0x08004d00   0x0000000e   Code   RO         5997    i.__scatterload_copy  mc_w.l(handlers.o)
    0x08004d0e   0x08004d0e   0x00000002   Code   RO         5998    i.__scatterload_null  mc_w.l(handlers.o)
    0x08004d10   0x08004d10   0x0000000e   Code   RO         5999    i.__scatterload_zeroinit  mc_w.l(handlers.o)
    0x08004d1e   0x08004d1e   0x00000002   PAD
    0x08004d20   0x08004d20   0x000001b8   Code   RO         5792    i._printf_core      mc_w.l(printf3.o)
    0x08004ed8   0x08004ed8   0x0000000a   Code   RO         5794    i._sputc            mc_w.l(printf3.o)
    0x08004ee2   0x08004ee2   0x00000002   PAD
    0x08004ee4   0x08004ee4   0x00000018   Code   RO           33    i.fputc             main.o
    0x08004efc   0x08004efc   0x00000006   Code   RO         5406    i.ili9341_DisplayOff  ili9341.o
    0x08004f02   0x08004f02   0x00000006   Code   RO         5407    i.ili9341_DisplayOn  ili9341.o
    0x08004f08   0x08004f08   0x00000006   Code   RO         5408    i.ili9341_GetLcdPixelHeight  ili9341.o
    0x08004f0e   0x08004f0e   0x00000004   Code   RO         5409    i.ili9341_GetLcdPixelWidth  ili9341.o
    0x08004f12   0x08004f12   0x00000292   Code   RO         5410    i.ili9341_Init      ili9341.o
    0x080051a4   0x080051a4   0x00000012   Code   RO         5412    i.ili9341_ReadID    ili9341.o
    0x080051b6   0x080051b6   0x00000022   Code   RO           34    i.isInsideRect      main.o
    0x080051d8   0x080051d8   0x00000118   Code   RO           35    i.main              main.o
    0x080052f0   0x080052f0   0x00000184   Code   RO           36    i.showGameScreen    main.o
    0x08005474   0x08005474   0x0000000a   Code   RO         5474    i.stmpe811_ClearGlobalIT  stmpe811.o
    0x0800547e   0x0800547e   0x0000001c   Code   RO         5475    i.stmpe811_DisableGlobalIT  stmpe811.o
    0x0800549a   0x0800549a   0x0000001e   Code   RO         5476    i.stmpe811_DisableITSource  stmpe811.o
    0x080054b8   0x080054b8   0x0000001c   Code   RO         5477    i.stmpe811_EnableGlobalIT  stmpe811.o
    0x080054d4   0x080054d4   0x0000001e   Code   RO         5478    i.stmpe811_EnableITSource  stmpe811.o
    0x080054f2   0x080054f2   0x00000002   PAD
    0x080054f4   0x080054f4   0x0000001c   Code   RO         5479    i.stmpe811_GetInstance  stmpe811.o
    0x08005510   0x08005510   0x0000001e   Code   RO         5486    i.stmpe811_IO_EnableAF  stmpe811.o
    0x0800552e   0x0800552e   0x00000002   PAD
    0x08005530   0x08005530   0x00000030   Code   RO         5495    i.stmpe811_Init     stmpe811.o
    0x08005560   0x08005560   0x00000020   Code   RO         5497    i.stmpe811_ReadID   stmpe811.o
    0x08005580   0x08005580   0x00000028   Code   RO         5498    i.stmpe811_Reset    stmpe811.o
    0x080055a8   0x080055a8   0x00000006   Code   RO         5501    i.stmpe811_TS_ClearIT  stmpe811.o
    0x080055ae   0x080055ae   0x00000036   Code   RO         5502    i.stmpe811_TS_DetectTouch  stmpe811.o
    0x080055e4   0x080055e4   0x00000014   Code   RO         5503    i.stmpe811_TS_DisableIT  stmpe811.o
    0x080055f8   0x080055f8   0x0000001a   Code   RO         5504    i.stmpe811_TS_EnableIT  stmpe811.o
    0x08005612   0x08005612   0x0000003e   Code   RO         5505    i.stmpe811_TS_GetXY  stmpe811.o
    0x08005650   0x08005650   0x00000010   Code   RO         5506    i.stmpe811_TS_ITStatus  stmpe811.o
    0x08005660   0x08005660   0x000000a2   Code   RO         5507    i.stmpe811_TS_Start  stmpe811.o
    0x08005702   0x08005702   0x00000002   PAD
    0x08005704   0x08005704   0x00000082   Code   RO           37    i.tryGetWinner      main.o
    0x08005786   0x08005786   0x00000002   PAD
    0x08005788   0x08005788   0x00027c70   Data   RO           44    .constdata          main.o
    0x0802d3f8   0x0802d3f8   0x00000008   Data   RO         1348    .constdata          stm32f4xx_hal_dma.o
    0x0802d400   0x0802d400   0x00000010   Data   RO         4700    .constdata          system_stm32f4xx.o
    0x0802d410   0x0802d410   0x00000008   Data   RO         4701    .constdata          system_stm32f4xx.o
    0x0802d418   0x0802d418   0x00001ab8   Data   RO         4787    .constdata          stm32f429i_discovery_lcd.o
    0x0802eed0   0x0802eed0   0x00000be0   Data   RO         4789    .constdata          stm32f429i_discovery_lcd.o
    0x0802fab0   0x0802fab0   0x00000020   Data   RO         5995    Region$$Table       anon$$obj.o


    Execution Region RW_IRAM2 (Exec base: 0x10000000, Load base: 0x0802fb9c, Size: 0x00000000, Max: 0x00010000, ABSOLUTE)

    **** No section assigned to this execution region ****


    Execution Region RW_IRAM1 (Exec base: 0x20000000, Load base: 0x0802fad0, Size: 0x00000a50, Max: 0x00030000, ABSOLUTE)

    Exec Addr    Load Addr    Size         Type   Attr      Idx    E Section Name        Object

    0x20000000   0x0802fad0   0x00000008   Data   RW          475    .data               stm32f4xx_hal_msp.o
    0x20000008   0x0802fad8   0x0000000c   Data   RW         1795    .data               stm32f4xx_hal.o
    0x20000014   0x0802fae4   0x00000004   Data   RW         4702    .data               system_stm32f4xx.o
    0x20000018   0x0802fae8   0x00000010   Data   RW         4792    .data               stm32f429i_discovery_lcd.o
    0x20000028   0x0802faf8   0x00000008   Data   RW         4794    .data               stm32f429i_discovery_lcd.o
    0x20000030   0x0802fb00   0x00000001   Data   RW         5091    .data               stm32f429i_discovery_sdram.o
    0x20000031   0x0802fb01   0x00000003   PAD
    0x20000034   0x0802fb04   0x00000018   Data   RW         5192    .data               stm32f429i_discovery.o
    0x2000004c   0x0802fb1c   0x00000010   Data   RW         5356    .data               stm32f429i_discovery_ts.o
    0x2000005c   0x0802fb2c   0x00000008   Data   RW         5357    .data               stm32f429i_discovery_ts.o
    0x20000064   0x0802fb34   0x00000038   Data   RW         5415    .data               ili9341.o
    0x2000009c   0x0802fb6c   0x00000028   Data   RW         5508    .data               stmpe811.o
    0x200000c4   0x0802fb94   0x00000002   Data   RW         5510    .data               stmpe811.o
    0x200000c6   0x0802fb96   0x00000002   PAD
    0x200000c8   0x0802fb98   0x00000004   Data   RW         5971    .data               mc_w.l(stdout.o)
    0x200000cc        -       0x00000248   Zero   RW           38    .bss                main.o
    0x20000314        -       0x00000040   Zero   RW          577    .bss                stm32f4xx_hal_timebase_tim.o
    0x20000354        -       0x00000130   Zero   RW         4786    .bss                stm32f429i_discovery_lcd.o
    0x20000484        -       0x00000120   Zero   RW         5090    .bss                stm32f429i_discovery_sdram.o
    0x200005a4        -       0x000000ac   Zero   RW         5190    .bss                stm32f429i_discovery.o
    0x20000650        -       0x00000400   Zero   RW            1    STACK               startup_stm32f429xx.o


==============================================================================

Image component sizes


      Code (inc. data)   RO Data    RW Data    ZI Data      Debug   Object Name

       698          0          0         56          0       8927   ili9341.o
      2868        410     162928          0        584     812811   main.o
        36          8        428          0       1024        848   startup_stm32f429xx.o
      1116        158          0         24        172      13743   stm32f429i_discovery.o
      1566        180       9880         24        304      20707   stm32f429i_discovery_lcd.o
       612         54          0          1        288       3911   stm32f429i_discovery_sdram.o
       232         14          0         24          0       3095   stm32f429i_discovery_ts.o
       116         18          0         12          0       8954   stm32f4xx_hal.o
       158         14          0          0          0      33222   stm32f4xx_hal_cortex.o
       434         12          8          0          0       3700   stm32f4xx_hal_dma.o
      1018          6          0          0          0       7308   stm32f4xx_hal_dma2d.o
       874        102          0          0          0       3422   stm32f4xx_hal_gpio.o
      2230         52          0          0          0      14338   stm32f4xx_hal_i2c.o
       128          0          0          0          0       1895   stm32f4xx_hal_i2c_ex.o
       936         12          0          0          0       6230   stm32f4xx_hal_ltdc.o
      1232        166          0          8          0       7895   stm32f4xx_hal_msp.o
      1392         82          0          0          0       5973   stm32f4xx_hal_rcc.o
       596         36          0          0          0       1636   stm32f4xx_hal_rcc_ex.o
       148          0          0          0          0       2768   stm32f4xx_hal_sdram.o
      1674          8          0          0          0       9698   stm32f4xx_hal_spi.o
       974         44          0          0          0      10189   stm32f4xx_hal_tim.o
       148         28          0          0          0       2505   stm32f4xx_hal_tim_ex.o
       116         16          0          0         64       1431   stm32f4xx_hal_timebase_tim.o
       680         10          0          0          0       4184   stm32f4xx_hal_uart.o
        92         32          0          0          0       5663   stm32f4xx_it.o
       292          4          0          0          0       3564   stm32f4xx_ll_fmc.o
       650         10          0         42          0      14767   stmpe811.o
        28          6         24          4          0       1167   system_stm32f4xx.o

    ----------------------------------------------------------------------
     21092       1482     173300        200       2436    1014551   Object Totals
         0          0         32          0          0          0   (incl. Generated)
        48          0          0          5          0          0   (incl. Padding)

    ----------------------------------------------------------------------

      Code (inc. data)   RO Data    RW Data    ZI Data      Debug   Library Member Name

         0          0          0          0          0          0   entry.o
         0          0          0          0          0          0   entry10a.o
         0          0          0          0          0          0   entry11a.o
         8          4          0          0          0          0   entry2.o
         4          0          0          0          0          0   entry5.o
         0          0          0          0          0          0   entry7b.o
         0          0          0          0          0          0   entry8b.o
         8          4          0          0          0          0   entry9a.o
        30          0          0          0          0          0   handlers.o
        36          8          0          0          0         68   init.o
        30          0          0          0          0         68   llshl.o
        32          0          0          0          0         68   llushr.o
        36          0          0          0          0         68   memcpya.o
        36          0          0          0          0        108   memseta.o
       522         20          0          0          0        336   printf3.o
         0          0          0          4          0          0   stdout.o
        44          0          0          0          0         80   uidiv.o
        98          0          0          0          0         92   uldiv.o

    ----------------------------------------------------------------------
       888         36          0          4          0        888   Library Totals
         4          0          0          0          0          0   (incl. Padding)

    ----------------------------------------------------------------------

      Code (inc. data)   RO Data    RW Data    ZI Data      Debug   Library Name

       884         36          0          4          0        888   mc_w.l

    ----------------------------------------------------------------------
       888         36          0          4          0        888   Library Totals

    ----------------------------------------------------------------------

==============================================================================


      Code (inc. data)   RO Data    RW Data    ZI Data      Debug   

     21980       1518     173300        204       2436     995827   Grand Totals
     21980       1518     173300        204       2436     995827   ELF Image Totals
     21980       1518     173300        204          0          0   ROM Totals

==============================================================================

    Total RO  Size (Code + RO Data)               195280 ( 190.70kB)
    Total RW  Size (RW Data + ZI Data)              2640 (   2.58kB)
    Total ROM Size (Code + RO Data + RW Data)     195484 ( 190.90kB)

==============================================================================

